<?xml version="1.0" encoding="utf-8"?><testsuites name="pytest tests"><testsuite name="pytest" errors="6" failures="30" skipped="0" tests="205" time="32.908" timestamp="2026-04-19T19:31:54.712537+00:00" hostname="5ac446e62b4b"><testcase classname="tests.components.data.test_context_assembler" name="test_context_assembler_uses_operational_memory" time="0.003" /><testcase classname="tests.components.data.test_knowledge_base" name="test_default_embedder_uses_litellm_router" time="0.002" /><testcase classname="tests.components.data.test_knowledge_base" name="test_deterministic_fallback_is_opt_in" time="0.001" /><testcase classname="tests.components.data.test_knowledge_base" name="test_pgvector_query_uses_sql_limit" time="0.002" /><testcase classname="tests.components.data.test_knowledge_base" name="test_chunk_fallback_splits_on_paragraphs" time="0.002" /><testcase classname="tests.components.data.test_knowledge_base" name="test_knowledge_base_ingest_and_query" time="0.001" /><testcase classname="tests.components.data.test_knowledge_base" name="test_knowledge_base_cross_tenant_isolation" time="0.002" /><testcase classname="tests.components.data.test_knowledge_base" name="test_knowledge_base_metadata_filter" time="0.001" /><testcase classname="tests.components.data.test_knowledge_base" name="test_knowledge_base_ingests_document_via_document_ingestion" time="0.002" /><testcase classname="tests.components.data.test_knowledge_base" name="test_knowledge_base_empty_result" time="0.001" /><testcase classname="tests.components.data.test_operational_memory" name="test_operational_memory_store_retrieve_search" time="0.000" /><testcase classname="tests.components.data.test_org_context" name="test_org_context_supervisor_lookup" time="0.001" /><testcase classname="tests.components.data.test_working_memory" name="test_working_memory_set_get_clear" time="0.002" /><testcase classname="tests.components.models.test_anthropic_provider" name="test_initialize_sets_model" time="0.001" /><testcase classname="tests.components.models.test_anthropic_provider" name="test_health_check_ok_after_init" time="0.001" /><testcase classname="tests.components.models.test_anthropic_provider" name="test_health_check_fails_before_init" time="0.001" /><testcase classname="tests.components.models.test_anthropic_provider" name="test_complete_returns_content" time="0.002" /><testcase classname="tests.components.models.test_anthropic_provider" name="test_complete_prepends_system_message" time="0.001" /><testcase classname="tests.components.models.test_anthropic_provider" name="test_complete_uses_override_tokens" time="0.002" /><testcase classname="tests.components.models.test_anthropic_provider" name="test_structure_returns_pydantic_model" time="0.001" /><testcase classname="tests.components.models.test_anthropic_provider" name="test_structure_raises_if_not_initialized" time="0.001" /><testcase classname="tests.components.models.test_anthropic_provider" name="test_complete_retries_on_rate_limit" time="0.003" /><testcase classname="tests.components.models.test_anthropic_provider" name="test_complete_raises_after_max_retries" time="0.004" /><testcase classname="tests.components.models.test_anthropic_provider" name="test_complete_does_not_retry_auth_error" time="0.001" /><testcase classname="tests.components.models.test_anthropic_provider" name="test_component_metadata" time="0.000" /><testcase classname="tests.components.models.test_litellm_router" name="test_initialize_sets_routing_table" time="0.001" /><testcase classname="tests.components.models.test_litellm_router" name="test_health_check_ok" time="0.001" /><testcase classname="tests.components.models.test_litellm_router" name="test_health_check_fails_without_primary" time="0.001" /><testcase classname="tests.components.models.test_litellm_router" name="test_complete_routes_to_correct_model[reasoning-o4-mini]" time="0.001" /><testcase classname="tests.components.models.test_litellm_router" name="test_complete_routes_to_correct_model[safety-haiku]" time="0.001" /><testcase classname="tests.components.models.test_litellm_router" name="test_complete_routes_to_correct_model[fast-haiku]" time="0.001" /><testcase classname="tests.components.models.test_litellm_router" name="test_complete_routes_to_correct_model[default-sonnet]" time="0.002" /><testcase classname="tests.components.models.test_litellm_router" name="test_complete_routes_to_correct_model[creative-sonnet]" time="0.002" /><testcase classname="tests.components.models.test_litellm_router" name="test_complete_routes_to_correct_model[structured-sonnet]" time="0.004" /><testcase classname="tests.components.models.test_litellm_router" name="test_temperature_per_task_type[creative-0.5]" time="0.005" /><testcase classname="tests.components.models.test_litellm_router" name="test_temperature_per_task_type[reasoning-0.3]" time="0.005" /><testcase classname="tests.components.models.test_litellm_router" name="test_temperature_per_task_type[structured-0.0]" time="0.003" /><testcase classname="tests.components.models.test_litellm_router" name="test_temperature_per_task_type[default-0.0]" time="0.003" /><testcase classname="tests.components.models.test_litellm_router" name="test_temperature_per_task_type[safety-0.0]" time="0.010" /><testcase classname="tests.components.models.test_litellm_router" name="test_temperature_override_respected" time="0.003" /><testcase classname="tests.components.models.test_litellm_router" name="test_runtime_route_override" time="0.008" /><testcase classname="tests.components.models.test_litellm_router" name="test_fallback_used_on_rate_limit" time="0.010" /><testcase classname="tests.components.models.test_litellm_router" name="test_auth_error_does_not_fallback" time="0.004" /><testcase classname="tests.components.models.test_litellm_router" name="test_fallback_raises_if_none_configured" time="0.003" /><testcase classname="tests.components.models.test_litellm_router" name="test_structure_returns_pydantic_model" time="0.002" /><testcase classname="tests.components.models.test_litellm_router" name="test_structure_raises_if_not_initialized" time="0.001" /><testcase classname="tests.components.models.test_litellm_router" name="test_call_history_recorded" time="0.008" /><testcase classname="tests.components.models.test_litellm_router" name="test_fallback_recorded_in_history" time="0.002" /><testcase classname="tests.components.models.test_litellm_router" name="test_component_metadata" time="0.000" /><testcase classname="tests.components.quality.test_audit_system" name="test_audit_system_hash_chain_verifies" time="0.001" /><testcase classname="tests.components.quality.test_autonomy_manager" name="test_reversible_low_risk_high_confidence_is_autonomous" time="0.019" /><testcase classname="tests.components.quality.test_autonomy_manager" name="test_irreversible_high_risk_requires_approval" time="0.014" /><testcase classname="tests.components.quality.test_autonomy_manager" name="test_critical_risk_always_escalates" time="0.016" /><testcase classname="tests.components.quality.test_autonomy_manager" name="test_reversible_medium_risk_low_confidence_requires_approval" time="0.024" /><testcase classname="tests.components.quality.test_autonomy_manager" name="test_tenant_policy_override_forces_approval" time="0.005" /><testcase classname="tests.components.quality.test_compliance_rules" name="test_legal_policy_allows_clean_email" time="0.006" /><testcase classname="tests.components.quality.test_compliance_rules" name="test_legal_policy_rejects_direct_legal_advice" time="0.001" /><testcase classname="tests.components.quality.test_compliance_rules" name="test_legal_policy_rejects_known_conflict" time="0.001" /><testcase classname="tests.components.quality.test_compliance_rules" name="test_healthcare_policy_requires_phi_scrubbing" time="0.001" /><testcase classname="tests.components.quality.test_confidence_scorer" name="test_confidence_scorer_returns_report" time="0.001" /><testcase classname="tests.components.quality.test_explainability" name="test_explainability_capture_and_retrieve_in_memory" time="0.001" /><testcase classname="tests.components.quality.test_explainability" name="test_reasoning_api_endpoints_return_records" time="0.227" /><testcase classname="tests.components.quality.test_input_protection" name="test_guardrails_mode_detects_jailbreak" time="0.001" /><testcase classname="tests.components.quality.test_input_protection" name="test_regex_fallback_when_guardrails_missing" time="0.001" /><testcase classname="tests.components.quality.test_input_protection" name="test_pii_redaction_respects_severity" time="0.000" /><testcase classname="tests.components.quality.test_input_protection" name="test_input_protection_passes_clean_text" time="0.001" /><testcase classname="tests.components.quality.test_verification_layer" name="test_verification_layer_validates_brief" time="0.003" /><testcase classname="tests.components.test_component_factory" name="test_create_components_initializes_requested_components" time="0.002" /><testcase classname="tests.components.test_registry" name="test_anthropic_provider_registered" time="0.001" /><testcase classname="tests.components.test_registry" name="test_list_components_by_category" time="0.001" /><testcase classname="tests.components.test_registry" name="test_unknown_component_raises" time="0.000" /><testcase classname="tests.components.tools.test_custom_api_tool" name="test_custom_api_tool_bearer_get" time="0.002" /><testcase classname="tests.components.tools.test_custom_api_tool" name="test_custom_api_tool_retries_rate_limit" time="0.001" /><testcase classname="tests.components.tools.test_custom_api_tool" name="test_custom_api_tool_surfaces_error_payload" time="0.001" /><testcase classname="tests.components.tools.test_custom_api_tool" name="test_custom_api_tool_rejects_unknown_action" time="0.001" /><testcase classname="tests.components.tools.test_document_ingestion" name="test_document_ingestion_parse_and_chunk" time="0.000" /><testcase classname="tests.components.tools.test_document_ingestion" name="test_document_ingestion_extract_text" time="0.010" /><testcase classname="tests.components.tools.test_document_ingestion" name="test_document_ingestion_handles_empty_input" time="0.000" /><testcase classname="tests.components.tools.test_document_ingestion" name="test_document_ingestion_rejects_unknown_action" time="0.002" /><testcase classname="tests.components.tools.test_email_tool" name="test_email_tool_send_and_mark_read" time="0.002" /><testcase classname="tests.components.tools.test_file_storage_tool" name="test_file_storage_tool_upload_download_list_delete" time="0.005" /><testcase classname="tests.components.tools.test_file_storage_tool" name="test_file_storage_tool_scopes_keys_by_tenant" time="0.001" /><testcase classname="tests.components.tools.test_file_storage_tool" name="test_file_storage_tool_handles_missing_download" time="0.001" /><testcase classname="tests.components.tools.test_file_storage_tool" name="test_file_storage_tool_rejects_unknown_action" time="0.001" /><testcase classname="tests.components.tools.test_search_tool" name="test_search_tool_fixture_search" time="0.001" /><testcase classname="tests.components.tools.test_search_tool" name="test_search_tool_remote_tavily_path" time="0.001" /><testcase classname="tests.components.tools.test_search_tool" name="test_search_tool_empty_query" time="0.000" /><testcase classname="tests.components.tools.test_search_tool" name="test_search_tool_rejects_unknown_action" time="0.000" /><testcase classname="tests.components.work.test_data_analyzer" name="test_data_analyzer_happy_path_with_rows" time="0.002" /><testcase classname="tests.components.work.test_data_analyzer" name="test_data_analyzer_accepts_csv" time="0.001" /><testcase classname="tests.components.work.test_data_analyzer" name="test_data_analyzer_errors_without_query_runner" time="0.001" /><testcase classname="tests.components.work.test_data_analyzer" name="test_data_analyzer_uses_llm_summary_when_configured" time="0.001" /><testcase classname="tests.components.work.test_document_analyzer" name="test_document_analyzer_qualified_case" time="0.001" /><testcase classname="tests.components.work.test_document_analyzer" name="test_document_analyzer_unqualified_case" time="0.001" /><testcase classname="tests.components.work.test_document_analyzer" name="test_document_analyzer_needs_review_case" time="0.001" /><testcase classname="tests.components.work.test_document_analyzer" name="test_document_analyzer_prefers_llm_when_router_is_available" time="0.001" /><testcase classname="tests.components.work.test_draft_generator" name="test_draft_generator_deterministic_output" time="0.001" /><testcase classname="tests.components.work.test_draft_generator" name="test_draft_generator_prefers_llm_when_router_is_available" time="0.001" /><testcase classname="tests.components.work.test_monitor_scanner" name="test_monitor_scanner_email_happy_path" time="0.001" /><testcase classname="tests.components.work.test_monitor_scanner" name="test_monitor_scanner_empty_input" time="0.001" /><testcase classname="tests.components.work.test_monitor_scanner" name="test_monitor_scanner_unsupported_source_errors" time="0.001" /><testcase classname="tests.components.work.test_monitor_scanner" name="test_monitor_scanner_uses_llm_classifier_when_forced" time="0.001" /><testcase classname="tests.components.work.test_research_engine" name="test_research_engine_happy_path" time="0.002" /><testcase classname="tests.components.work.test_research_engine" name="test_research_engine_empty_input" time="0.001" /><testcase classname="tests.components.work.test_research_engine" name="test_research_engine_surfaces_tool_errors" time="0.001" /><testcase classname="tests.components.work.test_research_engine" name="test_research_engine_uses_structured_model_when_forced" time="0.001" /><testcase classname="tests.components.work.test_schemas" name="test_legal_intake_extraction_defaults" time="0.000" /><testcase classname="tests.components.work.test_schemas" name="test_confidence_report_shape" time="0.000" /><testcase classname="tests.components.work.test_schemas" name="test_research_request_defaults" time="0.000" /><testcase classname="tests.components.work.test_schemas" name="test_data_and_scan_request_defaults" time="0.000" /><testcase classname="tests.components.work.test_text_processor" name="test_text_processor_extracts_clear_qualified_email" time="0.001" /><testcase classname="tests.components.work.test_text_processor" name="test_text_processor_handles_ambiguous_email" time="0.001" /><testcase classname="tests.components.work.test_text_processor" name="test_text_processor_extracts_conflict_and_urgency" time="0.001" /><testcase classname="tests.components.work.test_text_processor" name="test_text_processor_prefers_llm_when_router_is_available" time="0.001" /><testcase classname="tests.factory.test_api.test_builds" name="test_retry_build_requeues_pipeline" time="0.032" /><testcase classname="tests.factory.test_api.test_builds" name="test_build_stream_returns_sse_payload" time="0.008" /><testcase classname="tests.factory.test_api.test_commissions" name="test_create_commission_queues_pipeline" time="0.004" /><testcase classname="tests.factory.test_api.test_commissions" name="test_get_commission_returns_status_summary" time="0.005" /><testcase classname="tests.factory.test_api.test_health" name="test_health_returns_ok" time="0.002" /><testcase classname="tests.factory.test_api.test_roster" name="test_list_roster_for_org" time="0.004" /><testcase classname="tests.factory.test_api.test_roster" name="test_rollback_employee" time="0.008" /><testcase classname="tests.factory.test_orm" name="test_all_tables_registered_in_metadata" time="0.001" /><testcase classname="tests.factory.test_orm" name="test_client_org_columns" time="0.001" /><testcase classname="tests.factory.test_orm" name="test_employee_requirements_jsonb_columns" time="0.001" /><testcase classname="tests.factory.test_orm" name="test_blueprint_jsonb_columns" time="0.000" /><testcase classname="tests.factory.test_orm" name="test_build_jsonb_columns" time="0.003" /><testcase classname="tests.factory.test_orm" name="test_reserved_json_columns_use_safe_attribute_names" time="0.037" /><testcase classname="tests.factory.test_orm" name="test_deployment_has_unique_build_id" time="0.001" /><testcase classname="tests.factory.test_orm" name="test_audit_event_has_hash_chain_column" time="0.001" /><testcase classname="tests.factory.test_orm" name="test_runtime_tables_have_expected_columns" time="0.000" /><testcase classname="tests.factory.test_orm" name="test_audit_event_compute_hash_deterministic" time="0.001" /><testcase classname="tests.factory.test_orm" name="test_audit_event_hash_chain_changes_with_prev" time="0.000" /><testcase classname="tests.factory.test_pipeline.test_analyst_conversation" name="test_analyst_legal_intake_completes_in_three_turns" time="0.063" /><testcase classname="tests.factory.test_pipeline.test_analyst_conversation" name="test_analyst_ambiguous_request_requires_multiple_turns" time="0.081" /><testcase classname="tests.factory.test_pipeline.test_analyst_conversation" name="test_analyst_incomplete_request_times_out_after_ten_turns" time="0.071" /><testcase classname="tests.factory.test_pipeline.test_architect" name="test_component_selector_always_includes_model" time="0.003" /><testcase classname="tests.factory.test_pipeline.test_architect" name="test_high_risk_includes_adversarial_review" time="0.003" /><testcase classname="tests.factory.test_pipeline.test_architect" name="test_gap_analyzer_flags_unknown_tools" time="0.639" /><testcase classname="tests.factory.test_pipeline.test_architect" name="test_blueprint_assembly" time="0.491" /><testcase classname="tests.factory.test_pipeline.test_architect_selector_llm" name="test_architect_llm_selector_legal_intake" time="0.009" /><testcase classname="tests.factory.test_pipeline.test_architect_selector_llm" name="test_architect_llm_selector_executive_assistant" time="0.002" /><testcase classname="tests.factory.test_pipeline.test_architect_selector_llm" name="test_architect_llm_selector_compound_requirement" time="0.003" /><testcase classname="tests.factory.test_pipeline.test_architect_selector_llm" name="test_architect_llm_selector_rejects_unsatisfied_requirement" time="0.004" /><testcase classname="tests.factory.test_pipeline.test_architect_workflow" name="test_legal_intake_workflow_contains_expected_nodes" time="0.325" /><testcase classname="tests.factory.test_pipeline.test_architect_workflow" name="test_executive_assistant_workflow_differs" time="0.263" /><testcase classname="tests.factory.test_pipeline.test_architect_workflow" name="test_workflow_graph_rejects_disconnected_node" time="0.001" /><testcase classname="tests.factory.test_pipeline.test_architect_workflow" name="test_workflow_graph_rejects_missing_reference" time="0.000" /><testcase classname="tests.factory.test_pipeline.test_architect_workflow" name="test_workflow_graph_rejects_duplicate_node_ids" time="0.000" /><testcase classname="tests.factory.test_pipeline.test_assembler" name="test_assembler_creates_build_directory" time="22.404"><failure message="shutil.Error: [('/app/portal/employee_app/dist/mac-arm64/${env.FORGE_EMPLOYEE_NAME}.app/Contents/Frameworks/Electron Framework.framework/Libraries/libvk_swiftshader.dylib', '/tmp/forge-builds/004d941f-d83b-41f1-91b6-d4df4ed97463/portal/employee_app/dist/mac-arm64/${env.FORGE_EMPLOYEE_NAME}.app/Contents/Frameworks/Electron Framework.framework/Libraries/libvk_swiftshader.dylib', &quot;[Errno 28] No space left on device: '/app/portal/employee_app/dist/mac-arm64/${env.FORGE_EMPLOYEE_NAME}.app/Contents/Frameworks/Electron Framework.framework/Libraries/libvk_swiftshader.dylib' -&gt; '/tmp/forge-builds/004d941f-d83b-41f1-91b6-d4df4ed97463/portal/employee_app/dist/mac-arm64/${env.FORGE_EMPLOYEE_NAME}.app/Contents/Frameworks/Electron Framework.framework/Libraries/libvk_swiftshader.dylib'&quot;), ('/app/portal/employee_app/dist/mac-arm64/${env.FORGE_EMPLOYEE_NAME}.app/Contents/Frameworks/Electron Framework.framework/Libraries/libGLESv2.dylib', '/tmp/forge-builds/004d941f-d83b-41f1-91b6-d4df4ed97463/portal/employee_app/dist/mac-arm64/${env.FORGE_EMPLOYEE_NAME}.app/Contents/Frameworks/Electron Framework.framework/Libraries/libGLESv2.dylib', &quot;[Errno 28] No space left on device: '/app/portal/employee_app/dist/mac-arm64/${env.FORGE_EMPLOYEE_NAME}.app/Contents/Frameworks/Electron Framework.framework/Libraries/libGLESv2.dylib' -&gt; '/tmp/forge-builds/004d941f-d83b-41f1-91b6-d4df4ed97463/portal/employee_app/dist/mac-arm64/${env.FORGE_EMPLOYEE_NAME}.app/Contents/Frameworks/Electron Framework.framework/Libraries/libGLESv2.dylib'&quot;), ('/app/portal/employee_app/dist/mac-arm64/${env.FORGE_EMPLOYEE_NAME}.app/Contents/Frameworks/Electron Framework.framework/Libraries/libffmpeg.dylib', '/tmp/forge-builds/004d941f-d83b-41f1-91b6-d4df4ed97463/portal/employee_app/dist/mac-arm64/${env.FORGE_EMPLOYEE_NAME}.app/Contents/Frameworks/Electron Framework.framework/Libraries/libffmpeg.dylib', &quot;[Errno 28] No space left on device: '/app/portal/employee_app/dist/mac-arm64/${env.FORGE_EMPLOYEE_NAME}.app/Contents/Frameworks/Electron Framework.framework/Libraries/libffmpeg.dylib' -&gt; '/tmp/forge-builds/004d941f-d83b-41f1-91b6-d4df4ed97463/portal/employee_app/dist/mac-arm64/${env.FORGE_EMPLOYEE_NAME}.app/Contents/Frameworks/Electron Framework.framework/Libraries/libffmpeg.dylib'&quot;), ('/app/portal/employee_app/dist/mac-arm64/${env.FORGE_EMPLOYEE_NAME}.app/Contents/Frameworks/Electron Framework.framework/Libraries/libEGL.dylib', '/tmp/forge-builds/004d941f-d83b-41f1-91b6-d4df4ed97463/portal/employee_app/dist/mac-arm64/${env.FORGE_EMPLOYEE_NAME}.app/Contents/Frameworks/Electron Framework.framework/Libraries/libEGL.dylib', &quot;[Errno 28] No space left on device: '/app/portal/employee_app/dist/mac-arm64/${env.FORGE_EMPLOYEE_NAME}.app/Contents/Frameworks/Electron Framework.framework/Libraries/libEGL.dylib' -&gt; '/tmp/forge-builds/004d941f-d83b-41f1-91b6-d4df4ed97463/portal/employee_app/dist/mac-arm64/${env.FORGE_EMPLOYEE_NAME}.app/Contents/Frameworks/Electron Framework.framework/Libraries/libEGL.dylib'&quot;), ('/app/portal/employee_app/dist/mac-arm64/${env.FORGE_EMPLOYEE_NAME}.app/Contents/Frameworks/Electron Framework.framework/Libraries/vk_swiftshader_icd.json', '/tmp/forge-builds/004d941f-d83b-41f1-91b6-d4df4ed97463/portal/employee_app/dist/mac-arm64/${env.FORGE_EMPLOYEE_NAME}.app/Contents/Frameworks/Electron Framework.framework/Libraries/vk_swiftshader_icd.json', &quot;[Errno 28] No space left on device: '/app/portal/employee_app/dist/mac-arm64/${env.FORGE_EMPLOYEE_NAME}.app/Contents/Frameworks/Electron Framework.framework/Libraries/vk_swiftshader_icd.json' -&gt; '/tmp/forge-builds/004d941f-d83b-41f1-91b6-d4df4ed97463/portal/employee_app/dist/mac-arm64/${env.FORGE_EMPLOYEE_NAME}.app/Contents/Frameworks/Electron Framework.framework/Libraries/vk_swiftshader_icd.json'&quot;), ('/app/portal/employee_app/dist/mac-arm64/${env.FORGE_EMPLOYEE_NAME}.app/Contents/Frameworks/Electron Framework.framework/Resources', '/tmp/forge-builds/004d941f-d83b-41f1-91b6-d4df4ed97463/portal/employee_app/dist/mac-arm64/${env.FORGE_EMPLOYEE_NAME}.app/Contents/Frameworks/Electron Framework.framework/Resources', &quot;[Errno 28] No space left on device: '/tmp/forge-builds/004d941f-d83b-41f1-91b6-d4df4ed97463/portal/employee_app/dist/mac-arm64/${env.FORGE_EMPLOYEE_NAME}.app/Contents/Frameworks/Electron Framework.framework/Resources'&quot;), ('/app/portal/employee_app/dist/mac-arm64/${env.FORGE_EMPLOYEE_NAME}.app/Contents/Frameworks/Electron Framework.framework/Helpers', '/tmp/forge-builds/004d941f-d83b-41f1-91b6-d4df4ed97463/portal/employee_app/dist/mac-arm64/${env.FORGE_EMPLOYEE_NAME}.app/Contents/Frameworks/Electron Framework.framework/Helpers', &quot;[Errno 28] No space left on device: '/tmp/forge-builds/004d941f-d83b-41f1-91b6-d4df4ed97463/portal/employee_app/dist/mac-arm64/${env.FORGE_EMPLOYEE_NAME}.app/Contents/Frameworks/Electron Framework.framework/Helpers'&quot;), ('/app/portal/employee_app/dist/mac-arm64/${env.FORGE_EMPLOYEE_NAME}.app/Contents/Frameworks/ReactiveObjC.framework', '/tmp/forge-builds/004d941f-d83b-41f1-91b6-d4df4ed97463/portal/employee_app/dist/mac-arm64/${env.FORGE_EMPLOYEE_NAME}.app/Contents/Frameworks/ReactiveObjC.framework', &quot;[Errno 28] No space left on device: '/tmp/forge-builds/004d941f-d83b-41f1-91b6-d4df4ed97463/portal/employee_app/dist/mac-arm64/${env.FORGE_EMPLOYEE_NAME}.app/Contents/Frameworks/ReactiveObjC.framework'&quot;), ('/app/portal/employee_app/dist/mac-arm64/${env.FORGE_EMPLOYEE_NAME}.app/Contents/Frameworks/Mantle.framework', '/tmp/forge-builds/004d941f-d83b-41f1-91b6-d4df4ed97463/portal/employee_app/dist/mac-arm64/${env.FORGE_EMPLOYEE_NAME}.app/Contents/Frameworks/Mantle.framework', &quot;[Errno 28] No space left on device: '/tmp/forge-builds/004d941f-d83b-41f1-91b6-d4df4ed97463/portal/employee_app/dist/mac-arm64/${env.FORGE_EMPLOYEE_NAME}.app/Contents/Frameworks/Mantle.framework'&quot;), ('/app/portal/employee_app/dist/mac-arm64/${env.FORGE_EMPLOYEE_NAME}.app/Contents/Frameworks/Squirrel.framework', '/tmp/forge-builds/004d941f-d83b-41f1-91b6-d4df4ed97463/portal/employee_app/dist/mac-arm64/${env.FORGE_EMPLOYEE_NAME}.app/Contents/Frameworks/Squirrel.framework', &quot;[Errno 28] No space left on device: '/tmp/forge-builds/004d941f-d83b-41f1-91b6-d4df4ed97463/portal/employee_app/dist/mac-arm64/${env.FORGE_EMPLOYEE_NAME}.app/Contents/Frameworks/Squirrel.framework'&quot;), ('/app/portal/employee_app/dist/mac-arm64/${env.FORGE_EMPLOYEE_NAME}.app/Contents/Info.plist', '/tmp/forge-builds/004d941f-d83b-41f1-91b6-d4df4ed97463/portal/employee_app/dist/mac-arm64/${env.FORGE_EMPLOYEE_NAME}.app/Contents/Info.plist', &quot;[Errno 28] No space left on device: '/app/portal/employee_app/dist/mac-arm64/${env.FORGE_EMPLOYEE_NAME}.app/Contents/Info.plist' -&gt; '/tmp/forge-builds/004d941f-d83b-41f1-91b6-d4df4ed97463/portal/employee_app/dist/mac-arm64/${env.FORGE_EMPLOYEE_NAME}.app/Contents/Info.plist'&quot;), ('/app/portal/employee_app/dist/${env.FORGE_EMPLOYEE_NAME}-0.1.0-arm64.dmg.blockmap', '/tmp/forge-builds/004d941f-d83b-41f1-91b6-d4df4ed97463/portal/employee_app/dist/${env.FORGE_EMPLOYEE_NAME}-0.1.0-arm64.dmg.blockmap', &quot;[Errno 28] No space left on device: '/app/portal/employee_app/dist/${env.FORGE_EMPLOYEE_NAME}-0.1.0-arm64.dmg.blockmap' -&gt; '/tmp/forge-builds/004d941f-d83b-41f1-91b6-d4df4ed97463/portal/employee_app/dist/${env.FORGE_EMPLOYEE_NAME}-0.1.0-arm64.dmg.blockmap'&quot;), ('/app/portal/employee_app/dist/${env.FORGE_EMPLOYEE_NAME}-0.1.0-arm64.dmg', '/tmp/forge-builds/004d941f-d83b-41f1-91b6-d4df4ed97463/portal/employee_app/dist/${env.FORGE_EMPLOYEE_NAME}-0.1.0-arm64.dmg', &quot;[Errno 28] No space left on device: '/app/portal/employee_app/dist/${env.FORGE_EMPLOYEE_NAME}-0.1.0-arm64.dmg' -&gt; '/tmp/forge-builds/004d941f-d83b-41f1-91b6-d4df4ed97463/portal/employee_app/dist/${env.FORGE_EMPLOYEE_NAME}-0.1.0-arm64.dmg'&quot;), ('/app/portal/employee_app/dist/builder-debug.yml', '/tmp/forge-builds/004d941f-d83b-41f1-91b6-d4df4ed97463/portal/employee_app/dist/builder-debug.yml', &quot;[Errno 28] No space left on device: '/app/portal/employee_app/dist/builder-debug.yml' -&gt; '/tmp/forge-builds/004d941f-d83b-41f1-91b6-d4df4ed97463/portal/employee_app/dist/builder-debug.yml'&quot;), ('/app/portal/employee_app/lib', '/tmp/forge-builds/004d941f-d83b-41f1-91b6-d4df4ed97463/portal/employee_app/lib', &quot;[Errno 28] No space left on device: '/tmp/forge-builds/004d941f-d83b-41f1-91b6-d4df4ed97463/portal/employee_app/lib'&quot;), ('/app/portal/employee_app/electron', '/tmp/forge-builds/004d941f-d83b-41f1-91b6-d4df4ed97463/portal/employee_app/electron', &quot;[Errno 28] No space left on device: '/tmp/forge-builds/004d941f-d83b-41f1-91b6-d4df4ed97463/portal/employee_app/electron'&quot;), ('/app/portal/employee_app/package.json', '/tmp/forge-builds/004d941f-d83b-41f1-91b6-d4df4ed97463/portal/employee_app/package.json', &quot;[Errno 28] No space left on device: '/app/portal/employee_app/package.json' -&gt; '/tmp/forge-builds/004d941f-d83b-41f1-91b6-d4df4ed97463/portal/employee_app/package.json'&quot;), ('/app/portal/employee_app/components', '/tmp/forge-builds/004d941f-d83b-41f1-91b6-d4df4ed97463/portal/employee_app/components', &quot;[Errno 28] No space left on device: '/tmp/forge-builds/004d941f-d83b-41f1-91b6-d4df4ed97463/portal/employee_app/components'&quot;), ('/app/portal/employee_app/next-env.d.ts', '/tmp/forge-builds/004d941f-d83b-41f1-91b6-d4df4ed97463/portal/employee_app/next-env.d.ts', &quot;[Errno 28] No space left on device: '/app/portal/employee_app/next-env.d.ts' -&gt; '/tmp/forge-builds/004d941f-d83b-41f1-91b6-d4df4ed97463/portal/employee_app/next-env.d.ts'&quot;), ('/app/portal/employee_app/app', '/tmp/forge-builds/004d941f-d83b-41f1-91b6-d4df4ed97463/portal/employee_app/app', &quot;[Errno 28] No space left on device: '/tmp/forge-builds/004d941f-d83b-41f1-91b6-d4df4ed97463/portal/employee_app/app'&quot;), ('/app/portal/employee_app/tailwind.config.ts', '/tmp/forge-builds/004d941f-d83b-41f1-91b6-d4df4ed97463/portal/employee_app/tailwind.config.ts', &quot;[Errno 28] No space left on device: '/app/portal/employee_app/tailwind.config.ts' -&gt; '/tmp/forge-builds/004d941f-d83b-41f1-91b6-d4df4ed97463/portal/employee_app/tailwind.config.ts'&quot;), ('/app/portal/employee_app/pages', '/tmp/forge-builds/004d941f-d83b-41f1-91b6-d4df4ed97463/portal/employee_app/pages', &quot;[Errno 28] No space left on device: '/tmp/forge-builds/004d941f-d83b-41f1-91b6-d4df4ed97463/portal/employee_app/pages'&quot;), ('/app/portal/employee_app/out', '/tmp/forge-builds/004d941f-d83b-41f1-91b6-d4df4ed97463/portal/employee_app/out', &quot;[Errno 28] No space left on device: '/tmp/forge-builds/004d941f-d83b-41f1-91b6-d4df4ed97463/portal/employee_app/out'&quot;), ('/app/portal/employee_app/postcss.config.js', '/tmp/forge-builds/004d941f-d83b-41f1-91b6-d4df4ed97463/portal/employee_app/postcss.config.js', &quot;[Errno 28] No space left on device: '/app/portal/employee_app/postcss.config.js' -&gt; '/tmp/forge-builds/004d941f-d83b-41f1-91b6-d4df4ed97463/portal/employee_app/postcss.config.js'&quot;), ('/app/portal/employee_app/tsconfig.tsbuildinfo', '/tmp/forge-builds/004d941f-d83b-41f1-91b6-d4df4ed97463/portal/employee_app/tsconfig.tsbuildinfo', &quot;[Errno 28] No space left on device: '/app/portal/employee_app/tsconfig.tsbuildinfo' -&gt; '/tmp/forge-builds/004d941f-d83b-41f1-91b6-d4df4ed97463/portal/employee_app/tsconfig.tsbuildinfo'&quot;), ('/app/portal/employee_app/next.config.js', '/tmp/forge-builds/004d941f-d83b-41f1-91b6-d4df4ed97463/portal/employee_app/next.config.js', &quot;[Errno 28] No space left on device: '/app/portal/employee_app/next.config.js' -&gt; '/tmp/forge-builds/004d941f-d83b-41f1-91b6-d4df4ed97463/portal/employee_app/next.config.js'&quot;)]">tests/factory/test_pipeline/test_assembler.py:16: in test_assembler_creates_build_directory
    build = await assemble(sample_blueprint, sample_requirements, sample_build)
            ^^^^^^^^^^^^^^^^^^^^^^^^^^^^^^^^^^^^^^^^^^^^^^^^^^^^^^^^^^^^^^^^^^^
factory/pipeline/builder/assembler.py:54: in assemble
    shutil.copytree(REPO_ROOT / "portal" / "employee_app", build_dir / "portal" / "employee_app")
/usr/local/lib/python3.12/shutil.py:600: in copytree
    return _copytree(entries=entries, src=src, dst=dst, symlinks=symlinks,
/usr/local/lib/python3.12/shutil.py:554: in _copytree
    raise Error(errors)
E   shutil.Error: [('/app/portal/employee_app/dist/mac-arm64/${env.FORGE_EMPLOYEE_NAME}.app/Contents/Frameworks/Electron Framework.framework/Libraries/libvk_swiftshader.dylib', '/tmp/forge-builds/004d941f-d83b-41f1-91b6-d4df4ed97463/portal/employee_app/dist/mac-arm64/${env.FORGE_EMPLOYEE_NAME}.app/Contents/Frameworks/Electron Framework.framework/Libraries/libvk_swiftshader.dylib', "[Errno 28] No space left on device: '/app/portal/employee_app/dist/mac-arm64/${env.FORGE_EMPLOYEE_NAME}.app/Contents/Frameworks/Electron Framework.framework/Libraries/libvk_swiftshader.dylib' -&gt; '/tmp/forge-builds/004d941f-d83b-41f1-91b6-d4df4ed97463/portal/employee_app/dist/mac-arm64/${env.FORGE_EMPLOYEE_NAME}.app/Contents/Frameworks/Electron Framework.framework/Libraries/libvk_swiftshader.dylib'"), ('/app/portal/employee_app/dist/mac-arm64/${env.FORGE_EMPLOYEE_NAME}.app/Contents/Frameworks/Electron Framework.framework/Libraries/libGLESv2.dylib', '/tmp/forge-builds/004d941f-d83b-41f1-91b6-d4df4ed97463/portal/employee_app/dist/mac-arm64/${env.FORGE_EMPLOYEE_NAME}.app/Contents/Frameworks/Electron Framework.framework/Libraries/libGLESv2.dylib', "[Errno 28] No space left on device: '/app/portal/employee_app/dist/mac-arm64/${env.FORGE_EMPLOYEE_NAME}.app/Contents/Frameworks/Electron Framework.framework/Libraries/libGLESv2.dylib' -&gt; '/tmp/forge-builds/004d941f-d83b-41f1-91b6-d4df4ed97463/portal/employee_app/dist/mac-arm64/${env.FORGE_EMPLOYEE_NAME}.app/Contents/Frameworks/Electron Framework.framework/Libraries/libGLESv2.dylib'"), ('/app/portal/employee_app/dist/mac-arm64/${env.FORGE_EMPLOYEE_NAME}.app/Contents/Frameworks/Electron Framework.framework/Libraries/libffmpeg.dylib', '/tmp/forge-builds/004d941f-d83b-41f1-91b6-d4df4ed97463/portal/employee_app/dist/mac-arm64/${env.FORGE_EMPLOYEE_NAME}.app/Contents/Frameworks/Electron Framework.framework/Libraries/libffmpeg.dylib', "[Errno 28] No space left on device: '/app/portal/employee_app/dist/mac-arm64/${env.FORGE_EMPLOYEE_NAME}.app/Contents/Frameworks/Electron Framework.framework/Libraries/libffmpeg.dylib' -&gt; '/tmp/forge-builds/004d941f-d83b-41f1-91b6-d4df4ed97463/portal/employee_app/dist/mac-arm64/${env.FORGE_EMPLOYEE_NAME}.app/Contents/Frameworks/Electron Framework.framework/Libraries/libffmpeg.dylib'"), ('/app/portal/employee_app/dist/mac-arm64/${env.FORGE_EMPLOYEE_NAME}.app/Contents/Frameworks/Electron Framework.framework/Libraries/libEGL.dylib', '/tmp/forge-builds/004d941f-d83b-41f1-91b6-d4df4ed97463/portal/employee_app/dist/mac-arm64/${env.FORGE_EMPLOYEE_NAME}.app/Contents/Frameworks/Electron Framework.framework/Libraries/libEGL.dylib', "[Errno 28] No space left on device: '/app/portal/employee_app/dist/mac-arm64/${env.FORGE_EMPLOYEE_NAME}.app/Contents/Frameworks/Electron Framework.framework/Libraries/libEGL.dylib' -&gt; '/tmp/forge-builds/004d941f-d83b-41f1-91b6-d4df4ed97463/portal/employee_app/dist/mac-arm64/${env.FORGE_EMPLOYEE_NAME}.app/Contents/Frameworks/Electron Framework.framework/Libraries/libEGL.dylib'"), ('/app/portal/employee_app/dist/mac-arm64/${env.FORGE_EMPLOYEE_NAME}.app/Contents/Frameworks/Electron Framework.framework/Libraries/vk_swiftshader_icd.json', '/tmp/forge-builds/004d941f-d83b-41f1-91b6-d4df4ed97463/portal/employee_app/dist/mac-arm64/${env.FORGE_EMPLOYEE_NAME}.app/Contents/Frameworks/Electron Framework.framework/Libraries/vk_swiftshader_icd.json', "[Errno 28] No space left on device: '/app/portal/employee_app/dist/mac-arm64/${env.FORGE_EMPLOYEE_NAME}.app/Contents/Frameworks/Electron Framework.framework/Libraries/vk_swiftshader_icd.json' -&gt; '/tmp/forge-builds/004d941f-d83b-41f1-91b6-d4df4ed97463/portal/employee_app/dist/mac-arm64/${env.FORGE_EMPLOYEE_NAME}.app/Contents/Frameworks/Electron Framework.framework/Libraries/vk_swiftshader_icd.json'"), ('/app/portal/employee_app/dist/mac-arm64/${env.FORGE_EMPLOYEE_NAME}.app/Contents/Frameworks/Electron Framework.framework/Resources', '/tmp/forge-builds/004d941f-d83b-41f1-91b6-d4df4ed97463/portal/employee_app/dist/mac-arm64/${env.FORGE_EMPLOYEE_NAME}.app/Contents/Frameworks/Electron Framework.framework/Resources', "[Errno 28] No space left on device: '/tmp/forge-builds/004d941f-d83b-41f1-91b6-d4df4ed97463/portal/employee_app/dist/mac-arm64/${env.FORGE_EMPLOYEE_NAME}.app/Contents/Frameworks/Electron Framework.framework/Resources'"), ('/app/portal/employee_app/dist/mac-arm64/${env.FORGE_EMPLOYEE_NAME}.app/Contents/Frameworks/Electron Framework.framework/Helpers', '/tmp/forge-builds/004d941f-d83b-41f1-91b6-d4df4ed97463/portal/employee_app/dist/mac-arm64/${env.FORGE_EMPLOYEE_NAME}.app/Contents/Frameworks/Electron Framework.framework/Helpers', "[Errno 28] No space left on device: '/tmp/forge-builds/004d941f-d83b-41f1-91b6-d4df4ed97463/portal/employee_app/dist/mac-arm64/${env.FORGE_EMPLOYEE_NAME}.app/Contents/Frameworks/Electron Framework.framework/Helpers'"), ('/app/portal/employee_app/dist/mac-arm64/${env.FORGE_EMPLOYEE_NAME}.app/Contents/Frameworks/ReactiveObjC.framework', '/tmp/forge-builds/004d941f-d83b-41f1-91b6-d4df4ed97463/portal/employee_app/dist/mac-arm64/${env.FORGE_EMPLOYEE_NAME}.app/Contents/Frameworks/ReactiveObjC.framework', "[Errno 28] No space left on device: '/tmp/forge-builds/004d941f-d83b-41f1-91b6-d4df4ed97463/portal/employee_app/dist/mac-arm64/${env.FORGE_EMPLOYEE_NAME}.app/Contents/Frameworks/ReactiveObjC.framework'"), ('/app/portal/employee_app/dist/mac-arm64/${env.FORGE_EMPLOYEE_NAME}.app/Contents/Frameworks/Mantle.framework', '/tmp/forge-builds/004d941f-d83b-41f1-91b6-d4df4ed97463/portal/employee_app/dist/mac-arm64/${env.FORGE_EMPLOYEE_NAME}.app/Contents/Frameworks/Mantle.framework', "[Errno 28] No space left on device: '/tmp/forge-builds/004d941f-d83b-41f1-91b6-d4df4ed97463/portal/employee_app/dist/mac-arm64/${env.FORGE_EMPLOYEE_NAME}.app/Contents/Frameworks/Mantle.framework'"), ('/app/portal/employee_app/dist/mac-arm64/${env.FORGE_EMPLOYEE_NAME}.app/Contents/Frameworks/Squirrel.framework', '/tmp/forge-builds/004d941f-d83b-41f1-91b6-d4df4ed97463/portal/employee_app/dist/mac-arm64/${env.FORGE_EMPLOYEE_NAME}.app/Contents/Frameworks/Squirrel.framework', "[Errno 28] No space left on device: '/tmp/forge-builds/004d941f-d83b-41f1-91b6-d4df4ed97463/portal/employee_app/dist/mac-arm64/${env.FORGE_EMPLOYEE_NAME}.app/Contents/Frameworks/Squirrel.framework'"), ('/app/portal/employee_app/dist/mac-arm64/${env.FORGE_EMPLOYEE_NAME}.app/Contents/Info.plist', '/tmp/forge-builds/004d941f-d83b-41f1-91b6-d4df4ed97463/portal/employee_app/dist/mac-arm64/${env.FORGE_EMPLOYEE_NAME}.app/Contents/Info.plist', "[Errno 28] No space left on device: '/app/portal/employee_app/dist/mac-arm64/${env.FORGE_EMPLOYEE_NAME}.app/Contents/Info.plist' -&gt; '/tmp/forge-builds/004d941f-d83b-41f1-91b6-d4df4ed97463/portal/employee_app/dist/mac-arm64/${env.FORGE_EMPLOYEE_NAME}.app/Contents/Info.plist'"), ('/app/portal/employee_app/dist/${env.FORGE_EMPLOYEE_NAME}-0.1.0-arm64.dmg.blockmap', '/tmp/forge-builds/004d941f-d83b-41f1-91b6-d4df4ed97463/portal/employee_app/dist/${env.FORGE_EMPLOYEE_NAME}-0.1.0-arm64.dmg.blockmap', "[Errno 28] No space left on device: '/app/portal/employee_app/dist/${env.FORGE_EMPLOYEE_NAME}-0.1.0-arm64.dmg.blockmap' -&gt; '/tmp/forge-builds/004d941f-d83b-41f1-91b6-d4df4ed97463/portal/employee_app/dist/${env.FORGE_EMPLOYEE_NAME}-0.1.0-arm64.dmg.blockmap'"), ('/app/portal/employee_app/dist/${env.FORGE_EMPLOYEE_NAME}-0.1.0-arm64.dmg', '/tmp/forge-builds/004d941f-d83b-41f1-91b6-d4df4ed97463/portal/employee_app/dist/${env.FORGE_EMPLOYEE_NAME}-0.1.0-arm64.dmg', "[Errno 28] No space left on device: '/app/portal/employee_app/dist/${env.FORGE_EMPLOYEE_NAME}-0.1.0-arm64.dmg' -&gt; '/tmp/forge-builds/004d941f-d83b-41f1-91b6-d4df4ed97463/portal/employee_app/dist/${env.FORGE_EMPLOYEE_NAME}-0.1.0-arm64.dmg'"), ('/app/portal/employee_app/dist/builder-debug.yml', '/tmp/forge-builds/004d941f-d83b-41f1-91b6-d4df4ed97463/portal/employee_app/dist/builder-debug.yml', "[Errno 28] No space left on device: '/app/portal/employee_app/dist/builder-debug.yml' -&gt; '/tmp/forge-builds/004d941f-d83b-41f1-91b6-d4df4ed97463/portal/employee_app/dist/builder-debug.yml'"), ('/app/portal/employee_app/lib', '/tmp/forge-builds/004d941f-d83b-41f1-91b6-d4df4ed97463/portal/employee_app/lib', "[Errno 28] No space left on device: '/tmp/forge-builds/004d941f-d83b-41f1-91b6-d4df4ed97463/portal/employee_app/lib'"), ('/app/portal/employee_app/electron', '/tmp/forge-builds/004d941f-d83b-41f1-91b6-d4df4ed97463/portal/employee_app/electron', "[Errno 28] No space left on device: '/tmp/forge-builds/004d941f-d83b-41f1-91b6-d4df4ed97463/portal/employee_app/electron'"), ('/app/portal/employee_app/package.json', '/tmp/forge-builds/004d941f-d83b-41f1-91b6-d4df4ed97463/portal/employee_app/package.json', "[Errno 28] No space left on device: '/app/portal/employee_app/package.json' -&gt; '/tmp/forge-builds/004d941f-d83b-41f1-91b6-d4df4ed97463/portal/employee_app/package.json'"), ('/app/portal/employee_app/components', '/tmp/forge-builds/004d941f-d83b-41f1-91b6-d4df4ed97463/portal/employee_app/components', "[Errno 28] No space left on device: '/tmp/forge-builds/004d941f-d83b-41f1-91b6-d4df4ed97463/portal/employee_app/components'"), ('/app/portal/employee_app/next-env.d.ts', '/tmp/forge-builds/004d941f-d83b-41f1-91b6-d4df4ed97463/portal/employee_app/next-env.d.ts', "[Errno 28] No space left on device: '/app/portal/employee_app/next-env.d.ts' -&gt; '/tmp/forge-builds/004d941f-d83b-41f1-91b6-d4df4ed97463/portal/employee_app/next-env.d.ts'"), ('/app/portal/employee_app/app', '/tmp/forge-builds/004d941f-d83b-41f1-91b6-d4df4ed97463/portal/employee_app/app', "[Errno 28] No space left on device: '/tmp/forge-builds/004d941f-d83b-41f1-91b6-d4df4ed97463/portal/employee_app/app'"), ('/app/portal/employee_app/tailwind.config.ts', '/tmp/forge-builds/004d941f-d83b-41f1-91b6-d4df4ed97463/portal/employee_app/tailwind.config.ts', "[Errno 28] No space left on device: '/app/portal/employee_app/tailwind.config.ts' -&gt; '/tmp/forge-builds/004d941f-d83b-41f1-91b6-d4df4ed97463/portal/employee_app/tailwind.config.ts'"), ('/app/portal/employee_app/pages', '/tmp/forge-builds/004d941f-d83b-41f1-91b6-d4df4ed97463/portal/employee_app/pages', "[Errno 28] No space left on device: '/tmp/forge-builds/004d941f-d83b-41f1-91b6-d4df4ed97463/portal/employee_app/pages'"), ('/app/portal/employee_app/out', '/tmp/forge-builds/004d941f-d83b-41f1-91b6-d4df4ed97463/portal/employee_app/out', "[Errno 28] No space left on device: '/tmp/forge-builds/004d941f-d83b-41f1-91b6-d4df4ed97463/portal/employee_app/out'"), ('/app/portal/employee_app/postcss.config.js', '/tmp/forge-builds/004d941f-d83b-41f1-91b6-d4df4ed97463/portal/employee_app/postcss.config.js', "[Errno 28] No space left on device: '/app/portal/employee_app/postcss.config.js' -&gt; '/tmp/forge-builds/004d941f-d83b-41f1-91b6-d4df4ed97463/portal/employee_app/postcss.config.js'"), ('/app/portal/employee_app/tsconfig.tsbuildinfo', '/tmp/forge-builds/004d941f-d83b-41f1-91b6-d4df4ed97463/portal/employee_app/tsconfig.tsbuildinfo', "[Errno 28] No space left on device: '/app/portal/employee_app/tsconfig.tsbuildinfo' -&gt; '/tmp/forge-builds/004d941f-d83b-41f1-91b6-d4df4ed97463/portal/employee_app/tsconfig.tsbuildinfo'"), ('/app/portal/employee_app/next.config.js', '/tmp/forge-builds/004d941f-d83b-41f1-91b6-d4df4ed97463/portal/employee_app/next.config.js', "[Errno 28] No space left on device: '/app/portal/employee_app/next.config.js' -&gt; '/tmp/forge-builds/004d941f-d83b-41f1-91b6-d4df4ed97463/portal/employee_app/next.config.js'")]</failure></testcase><testcase classname="tests.factory.test_pipeline.test_deployer_integrations" name="test_connector_and_activator_complete_successfully" time="0.010" /><testcase classname="tests.factory.test_pipeline.test_deployer_integrations" name="test_activator_times_out_waiting_for_client_action" time="0.003" /><testcase classname="tests.factory.test_pipeline.test_deployer_integrations" name="test_pipeline_rolls_back_on_activate_failure" time="0.368"><failure message="OSError: [Errno 28] No space left on device">tests/factory/test_pipeline/test_deployer_integrations.py:161: in explode_activate
    raise RuntimeError("activation failed")
E   RuntimeError: activation failed

During handling of the above exception, another exception occurred:
factory/workers/pipeline_worker.py:129: in start_pipeline
    logger.exception("pipeline_deploy_failure", build_id=str(build.id), deployment_id=str(deployment.id))
/usr/local/lib/python3.12/site-packages/structlog/_native.py:47: in exception
    return self.error(event, *args, **kw)
           ^^^^^^^^^^^^^^^^^^^^^^^^^^^^^^
/usr/local/lib/python3.12/site-packages/structlog/_native.py:164: in meth
    return self._proxy_to_logger(
/usr/local/lib/python3.12/site-packages/structlog/_base.py:223: in _proxy_to_logger
    return getattr(self._logger, method_name)(*args, **kw)
           ^^^^^^^^^^^^^^^^^^^^^^^^^^^^^^^^^^^^^^^^^^^^^^^
/usr/local/lib/python3.12/site-packages/structlog/_output.py:110: in msg
    print(message, file=f, flush=True)
E   OSError: [Errno 28] No space left on device

During handling of the above exception, another exception occurred:
tests/factory/test_pipeline/test_deployer_integrations.py:183: in test_pipeline_rolls_back_on_activate_failure
    result = await start_pipeline(sample_requirements, build)
             ^^^^^^^^^^^^^^^^^^^^^^^^^^^^^^^^^^^^^^^^^^^^^^^^
factory/workers/pipeline_worker.py:145: in start_pipeline
    logger.exception("pipeline_error", exc=str(exc))
/usr/local/lib/python3.12/site-packages/structlog/_native.py:47: in exception
    return self.error(event, *args, **kw)
           ^^^^^^^^^^^^^^^^^^^^^^^^^^^^^^
/usr/local/lib/python3.12/site-packages/structlog/_native.py:164: in meth
    return self._proxy_to_logger(
/usr/local/lib/python3.12/site-packages/structlog/_base.py:223: in _proxy_to_logger
    return getattr(self._logger, method_name)(*args, **kw)
           ^^^^^^^^^^^^^^^^^^^^^^^^^^^^^^^^^^^^^^^^^^^^^^^
/usr/local/lib/python3.12/site-packages/structlog/_output.py:110: in msg
    print(message, file=f, flush=True)
E   OSError: [Errno 28] No space left on device</failure></testcase><testcase classname="tests.factory.test_pipeline.test_deployer_integrations" name="test_deployment_api_exposes_pending_urls_and_accepts_callback" time="0.020" /><testcase classname="tests.factory.test_pipeline.test_deployer_providers" name="test_provisioner_dispatches_web_to_railway" time="0.019" /><testcase classname="tests.factory.test_pipeline.test_deployer_providers" name="test_provisioner_dispatches_server_export" time="0.003"><failure message="OSError: [Errno 28] No space left on device">tests/factory/test_pipeline/test_deployer_providers.py:73: in test_provisioner_dispatches_server_export
    result = await provision(deployment, build)
             ^^^^^^^^^^^^^^^^^^^^^^^^^^^^^^^^^^
factory/pipeline/deployer/provisioner.py:17: in provision
    logger.info("provision_dispatch", deployment_id=str(deployment.id), format=deployment.format.value)
/usr/local/lib/python3.12/site-packages/structlog/_native.py:164: in meth
    return self._proxy_to_logger(
/usr/local/lib/python3.12/site-packages/structlog/_base.py:223: in _proxy_to_logger
    return getattr(self._logger, method_name)(*args, **kw)
           ^^^^^^^^^^^^^^^^^^^^^^^^^^^^^^^^^^^^^^^^^^^^^^^
/usr/local/lib/python3.12/site-packages/structlog/_output.py:110: in msg
    print(message, file=f, flush=True)
E   OSError: [Errno 28] No space left on device</failure></testcase><testcase classname="tests.factory.test_pipeline.test_deployer_providers" name="test_provisioner_dispatches_local" time="0.001"><failure message="OSError: [Errno 28] No space left on device">tests/factory/test_pipeline/test_deployer_providers.py:102: in test_provisioner_dispatches_local
    result = await provision(deployment, build)
             ^^^^^^^^^^^^^^^^^^^^^^^^^^^^^^^^^^
factory/pipeline/deployer/provisioner.py:17: in provision
    logger.info("provision_dispatch", deployment_id=str(deployment.id), format=deployment.format.value)
/usr/local/lib/python3.12/site-packages/structlog/_native.py:164: in meth
    return self._proxy_to_logger(
/usr/local/lib/python3.12/site-packages/structlog/_base.py:223: in _proxy_to_logger
    return getattr(self._logger, method_name)(*args, **kw)
           ^^^^^^^^^^^^^^^^^^^^^^^^^^^^^^^^^^^^^^^^^^^^^^^
/usr/local/lib/python3.12/site-packages/structlog/_output.py:110: in msg
    print(message, file=f, flush=True)
E   OSError: [Errno 28] No space left on device</failure></testcase><testcase classname="tests.factory.test_pipeline.test_evaluator" name="test_evaluator_runs_black_box_suites" time="0.002"><failure message="OSError: [Errno 28] No space left on device">tests/factory/test_pipeline/test_evaluator.py:36: in test_evaluator_runs_black_box_suites
    result = await evaluate(sample_build)
             ^^^^^^^^^^^^^^^^^^^^^^^^^^^^
factory/pipeline/evaluator/test_runner.py:42: in evaluate
    logger.info("evaluator_start", build_id=str(build.id), image_tag=image_tag, port=port)
/usr/local/lib/python3.12/site-packages/structlog/_native.py:164: in meth
    return self._proxy_to_logger(
/usr/local/lib/python3.12/site-packages/structlog/_base.py:223: in _proxy_to_logger
    return getattr(self._logger, method_name)(*args, **kw)
           ^^^^^^^^^^^^^^^^^^^^^^^^^^^^^^^^^^^^^^^^^^^^^^^
/usr/local/lib/python3.12/site-packages/structlog/_output.py:110: in msg
    print(message, file=f, flush=True)
E   OSError: [Errno 28] No space left on device</failure></testcase><testcase classname="tests.factory.test_pipeline.test_evaluator_deepeval" name="test_metrics_use_deepeval_when_available" time="0.000" /><testcase classname="tests.factory.test_pipeline.test_evaluator_deepeval" name="test_metrics_fall_back_when_deepeval_missing" time="0.000" /><testcase classname="tests.factory.test_pipeline.test_evaluator_deepeval" name="test_functional_deepeval_suite" time="0.002" /><testcase classname="tests.factory.test_pipeline.test_evaluator_deepeval" name="test_behavioral_and_hallucination_suites" time="0.002" /><testcase classname="tests.factory.test_pipeline.test_full_pipeline" name="test_full_pipeline_deploys_on_success" time="0.002"><failure message="OSError: [Errno 28] No space left on device">tests/factory/test_pipeline/test_full_pipeline.py:75: in test_full_pipeline_deploys_on_success
    result = await start_pipeline(sample_requirements, build)
             ^^^^^^^^^^^^^^^^^^^^^^^^^^^^^^^^^^^^^^^^^^^^^^^^
factory/workers/pipeline_worker.py:52: in start_pipeline
    logger.info("pipeline_start", build_id=str(build.id))
/usr/local/lib/python3.12/site-packages/structlog/_native.py:164: in meth
    return self._proxy_to_logger(
/usr/local/lib/python3.12/site-packages/structlog/_base.py:223: in _proxy_to_logger
    return getattr(self._logger, method_name)(*args, **kw)
           ^^^^^^^^^^^^^^^^^^^^^^^^^^^^^^^^^^^^^^^^^^^^^^^
/usr/local/lib/python3.12/site-packages/structlog/_output.py:110: in msg
    print(message, file=f, flush=True)
E   OSError: [Errno 28] No space left on device</failure></testcase><testcase classname="tests.factory.test_pipeline.test_generator_llm" name="test_generator_retries_until_generated_tests_pass" time="0.002"><error message="failed on setup with &quot;OSError: could not create numbered dir with prefix test_generator_retries_until_g in /tmp/pytest-of-root/pytest-0 after 10 tries&quot;">/usr/local/lib/python3.12/site-packages/pytest_asyncio/plugin.py:458: in setup
    return super().setup()
           ^^^^^^^^^^^^^^^
/usr/local/lib/python3.12/site-packages/pytest_asyncio/plugin.py:730: in pytest_fixture_setup
    return (yield)
            ^^^^^
E   OSError: could not create numbered dir with prefix test_generator_retries_until_g in /tmp/pytest-of-root/pytest-0 after 10 tries</error></testcase><testcase classname="tests.factory.test_pipeline.test_generator_llm" name="test_generator_fails_after_max_iterations" time="0.001"><error message="failed on setup with &quot;OSError: could not create numbered dir with prefix test_generator_fails_after_max in /tmp/pytest-of-root/pytest-0 after 10 tries&quot;">/usr/local/lib/python3.12/site-packages/pytest_asyncio/plugin.py:458: in setup
    return super().setup()
           ^^^^^^^^^^^^^^^
/usr/local/lib/python3.12/site-packages/pytest_asyncio/plugin.py:730: in pytest_fixture_setup
    return (yield)
            ^^^^^
E   OSError: could not create numbered dir with prefix test_generator_fails_after_max in /tmp/pytest-of-root/pytest-0 after 10 tries</error></testcase><testcase classname="tests.factory.test_pipeline.test_generator_llm" name="test_cost_math_uses_real_usage_counts" time="0.002"><error message="failed on setup with &quot;OSError: could not create numbered dir with prefix test_cost_math_uses_real_usage in /tmp/pytest-of-root/pytest-0 after 10 tries&quot;">/usr/local/lib/python3.12/site-packages/pytest_asyncio/plugin.py:458: in setup
    return super().setup()
           ^^^^^^^^^^^^^^^
/usr/local/lib/python3.12/site-packages/pytest_asyncio/plugin.py:730: in pytest_fixture_setup
    return (yield)
            ^^^^^
E   OSError: could not create numbered dir with prefix test_cost_math_uses_real_usage in /tmp/pytest-of-root/pytest-0 after 10 tries</error></testcase><testcase classname="tests.factory.test_pipeline.test_generator_llm" name="test_call_model_uses_complete_with_usage" time="0.001" /><testcase classname="tests.factory.test_pipeline.test_manifest_generator" name="test_manifest_generator_supports_executive_assistant" time="0.001" /><testcase classname="tests.factory.test_pipeline.test_monitoring" name="test_drift_detector_emits_event_for_large_metric_shift" time="0.006" /><testcase classname="tests.factory.test_pipeline.test_monitoring" name="test_drift_detector_requires_sufficient_history" time="0.000" /><testcase classname="tests.factory.test_pipeline.test_packager" name="test_packager_builds_and_records_artifact" time="0.003"><error message="failed on setup with &quot;OSError: could not create numbered dir with prefix test_packager_builds_and_recor in /tmp/pytest-of-root/pytest-0 after 10 tries&quot;">/usr/local/lib/python3.12/site-packages/pytest_asyncio/plugin.py:458: in setup
    return super().setup()
           ^^^^^^^^^^^^^^^
/usr/local/lib/python3.12/site-packages/pytest_asyncio/plugin.py:730: in pytest_fixture_setup
    return (yield)
            ^^^^^
E   OSError: could not create numbered dir with prefix test_packager_builds_and_recor in /tmp/pytest-of-root/pytest-0 after 10 tries</error></testcase><testcase classname="tests.factory.test_pipeline.test_packager" name="test_packager_handles_docker_failure" time="0.002"><error message="failed on setup with &quot;OSError: could not create numbered dir with prefix test_packager_handles_docker_f in /tmp/pytest-of-root/pytest-0 after 10 tries&quot;">/usr/local/lib/python3.12/site-packages/pytest_asyncio/plugin.py:458: in setup
    return super().setup()
           ^^^^^^^^^^^^^^^
/usr/local/lib/python3.12/site-packages/pytest_asyncio/plugin.py:730: in pytest_fixture_setup
    return (yield)
            ^^^^^
E   OSError: could not create numbered dir with prefix test_packager_handles_docker_f in /tmp/pytest-of-root/pytest-0 after 10 tries</error></testcase><testcase classname="tests.factory.test_pipeline.test_packager_desktop" name="test_packager_builds_desktop_installers_when_requested" time="0.002"><error message="failed on setup with &quot;OSError: could not create numbered dir with prefix test_packager_builds_desktop_i in /tmp/pytest-of-root/pytest-0 after 10 tries&quot;">/usr/local/lib/python3.12/site-packages/pytest_asyncio/plugin.py:458: in setup
    return super().setup()
           ^^^^^^^^^^^^^^^
/usr/local/lib/python3.12/site-packages/pytest_asyncio/plugin.py:730: in pytest_fixture_setup
    return (yield)
            ^^^^^
E   OSError: could not create numbered dir with prefix test_packager_builds_desktop_i in /tmp/pytest-of-root/pytest-0 after 10 tries</error></testcase><testcase classname="tests.factory.test_pipeline.test_pipeline_worker" name="test_pipeline_completes" time="0.002"><failure message="OSError: [Errno 28] No space left on device">tests/factory/test_pipeline/test_pipeline_worker.py:78: in test_pipeline_completes
    result = await start_pipeline(sample_requirements, build)
             ^^^^^^^^^^^^^^^^^^^^^^^^^^^^^^^^^^^^^^^^^^^^^^^^
factory/workers/pipeline_worker.py:52: in start_pipeline
    logger.info("pipeline_start", build_id=str(build.id))
/usr/local/lib/python3.12/site-packages/structlog/_native.py:164: in meth
    return self._proxy_to_logger(
/usr/local/lib/python3.12/site-packages/structlog/_base.py:223: in _proxy_to_logger
    return getattr(self._logger, method_name)(*args, **kw)
           ^^^^^^^^^^^^^^^^^^^^^^^^^^^^^^^^^^^^^^^^^^^^^^^
/usr/local/lib/python3.12/site-packages/structlog/_output.py:110: in msg
    print(message, file=f, flush=True)
E   OSError: [Errno 28] No space left on device</failure></testcase><testcase classname="tests.factory.test_pipeline.test_pipeline_worker" name="test_pipeline_stops_after_generation_failure" time="0.002"><failure message="OSError: [Errno 28] No space left on device">tests/factory/test_pipeline/test_pipeline_worker.py:123: in test_pipeline_stops_after_generation_failure
    result = await start_pipeline(sample_requirements, build)
             ^^^^^^^^^^^^^^^^^^^^^^^^^^^^^^^^^^^^^^^^^^^^^^^^
factory/workers/pipeline_worker.py:52: in start_pipeline
    logger.info("pipeline_start", build_id=str(build.id))
/usr/local/lib/python3.12/site-packages/structlog/_native.py:164: in meth
    return self._proxy_to_logger(
/usr/local/lib/python3.12/site-packages/structlog/_base.py:223: in _proxy_to_logger
    return getattr(self._logger, method_name)(*args, **kw)
           ^^^^^^^^^^^^^^^^^^^^^^^^^^^^^^^^^^^^^^^^^^^^^^^
/usr/local/lib/python3.12/site-packages/structlog/_output.py:110: in msg
    print(message, file=f, flush=True)
E   OSError: [Errno 28] No space left on device</failure></testcase><testcase classname="tests.integration.test_legal_intake_workflow" name="test_legal_intake_workflow[Subject: Car Accident - Need Legal Help\n\nDear Attorney,\n\nMy name is Sarah Johnson and I was involved in a car accident on February 15, 2026\nat the intersection of Main St and Broadway in Springfield. The other driver, James\nMiller, ran a red light and T-boned my vehicle. I was taken to Springfield General\nHospital where I was treated for a broken collarbone and whiplash.\n\nI've been unable to work for the past 6 weeks. My medical bills are currently at\n$45,000 and climbing. My car was totaled \u2014 it was a 2022 Honda Civic worth about $28,000.\n\nI found your firm through a Google search. My phone number is (555) 123-4567 and\nmy email is sarah.johnson@email.com.\n\nI'd like to schedule a consultation as soon as possible.\n\nThank you,\nSarah Johnson\n-qualified]" time="0.005"><failure message="OSError: [Errno 28] No space left on device">tests/integration/test_legal_intake_workflow.py:48: in test_legal_intake_workflow
    components = await create_components(
component_library/component_factory.py:21: in create_components
    await instance.initialize(config.get(component_id, {}))
component_library/models/litellm_router.py:134: in initialize
    logger.info(
/usr/local/lib/python3.12/site-packages/structlog/_native.py:164: in meth
    return self._proxy_to_logger(
/usr/local/lib/python3.12/site-packages/structlog/_base.py:223: in _proxy_to_logger
    return getattr(self._logger, method_name)(*args, **kw)
           ^^^^^^^^^^^^^^^^^^^^^^^^^^^^^^^^^^^^^^^^^^^^^^^
/usr/local/lib/python3.12/site-packages/structlog/_output.py:110: in msg
    print(message, file=f, flush=True)
E   OSError: [Errno 28] No space left on device</failure></testcase><testcase classname="tests.integration.test_legal_intake_workflow" name="test_legal_intake_workflow[Subject: Question about my parking ticket\n\nHi, I got a parking ticket last week for $75 and I think it's unfair because the\nsign was blocked by a tree. Can you help me fight it? My name is Tom Davis, email\ntom.davis@email.com.\n-not_qualified]" time="0.002"><failure message="OSError: [Errno 28] No space left on device">tests/integration/test_legal_intake_workflow.py:48: in test_legal_intake_workflow
    components = await create_components(
component_library/component_factory.py:21: in create_components
    await instance.initialize(config.get(component_id, {}))
component_library/models/litellm_router.py:134: in initialize
    logger.info(
/usr/local/lib/python3.12/site-packages/structlog/_native.py:164: in meth
    return self._proxy_to_logger(
/usr/local/lib/python3.12/site-packages/structlog/_base.py:223: in _proxy_to_logger
    return getattr(self._logger, method_name)(*args, **kw)
           ^^^^^^^^^^^^^^^^^^^^^^^^^^^^^^^^^^^^^^^^^^^^^^^
/usr/local/lib/python3.12/site-packages/structlog/_output.py:110: in msg
    print(message, file=f, flush=True)
E   OSError: [Errno 28] No space left on device</failure></testcase><testcase classname="tests.integration.test_legal_intake_workflow" name="test_legal_intake_workflow[Subject: Legal matter\n\nHello, I have a situation at work that I think might be illegal. I don't want to\nget into details over email but it involves my boss and some questionable practices.\nCan someone call me? Thanks. - Mike\n-needs_review]" time="0.002"><failure message="OSError: [Errno 28] No space left on device">tests/integration/test_legal_intake_workflow.py:48: in test_legal_intake_workflow
    components = await create_components(
component_library/component_factory.py:21: in create_components
    await instance.initialize(config.get(component_id, {}))
component_library/models/litellm_router.py:134: in initialize
    logger.info(
/usr/local/lib/python3.12/site-packages/structlog/_native.py:164: in meth
    return self._proxy_to_logger(
/usr/local/lib/python3.12/site-packages/structlog/_base.py:223: in _proxy_to_logger
    return getattr(self._logger, method_name)(*args, **kw)
           ^^^^^^^^^^^^^^^^^^^^^^^^^^^^^^^^^^^^^^^^^^^^^^^
/usr/local/lib/python3.12/site-packages/structlog/_output.py:110: in msg
    print(message, file=f, flush=True)
E   OSError: [Errno 28] No space left on device</failure></testcase><testcase classname="tests.integration.test_legal_intake_workflow" name="test_legal_intake_workflow[Subject: Breach of Contract \u2014 Anderson Manufacturing\n\nDear Counsel,\n\nI'm reaching out regarding a breach of contract dispute with Anderson Manufacturing\nLLC. I am the CEO of Pacific Supply Co. Anderson has failed to deliver $2.3 million\nworth of industrial equipment per our agreement dated June 2025. We've attempted to\nresolve this directly but they are now refusing to communicate.\n\nContact: Robert Chen, robert@pacificsupply.com, (555) 987-6543\n\nWe need to move quickly as the contract has a 12-month dispute resolution clause\nthat expires in August 2026.\n\nRobert Chen\nCEO, Pacific Supply Co.\n-qualified]" time="0.002"><failure message="OSError: [Errno 28] No space left on device">tests/integration/test_legal_intake_workflow.py:48: in test_legal_intake_workflow
    components = await create_components(
component_library/component_factory.py:21: in create_components
    await instance.initialize(config.get(component_id, {}))
component_library/models/litellm_router.py:134: in initialize
    logger.info(
/usr/local/lib/python3.12/site-packages/structlog/_native.py:164: in meth
    return self._proxy_to_logger(
/usr/local/lib/python3.12/site-packages/structlog/_base.py:223: in _proxy_to_logger
    return getattr(self._logger, method_name)(*args, **kw)
           ^^^^^^^^^^^^^^^^^^^^^^^^^^^^^^^^^^^^^^^^^^^^^^^
/usr/local/lib/python3.12/site-packages/structlog/_output.py:110: in msg
    print(message, file=f, flush=True)
E   OSError: [Errno 28] No space left on device</failure></testcase><testcase classname="tests.integration.test_legal_intake_workflow" name="test_legal_intake_workflow[Subject: URGENT \u2014 Statute of Limitations Expiring\n\nI was injured at my workplace 2 years and 11 months ago. I just learned that the\nstatute of limitations for personal injury in our state is 3 years. That means I\nonly have about 30 days to file. Please contact me IMMEDIATELY.\n\nMaria Garcia, (555) 222-3333, maria.garcia@email.com\nInjury: Chemical burn at Westfield Chemical plant on May 14, 2023\n-qualified]" time="0.011"><failure message="OSError: [Errno 28] No space left on device">tests/integration/test_legal_intake_workflow.py:48: in test_legal_intake_workflow
    components = await create_components(
component_library/component_factory.py:21: in create_components
    await instance.initialize(config.get(component_id, {}))
component_library/models/litellm_router.py:134: in initialize
    logger.info(
/usr/local/lib/python3.12/site-packages/structlog/_native.py:164: in meth
    return self._proxy_to_logger(
/usr/local/lib/python3.12/site-packages/structlog/_base.py:223: in _proxy_to_logger
    return getattr(self._logger, method_name)(*args, **kw)
           ^^^^^^^^^^^^^^^^^^^^^^^^^^^^^^^^^^^^^^^^^^^^^^^
/usr/local/lib/python3.12/site-packages/structlog/_output.py:110: in msg
    print(message, file=f, flush=True)
E   OSError: [Errno 28] No space left on device</failure></testcase><testcase classname="tests.integration.test_legal_intake_workflow" name="test_legal_intake_workflow_uses_router_backed_components" time="0.010"><failure message="OSError: [Errno 28] No space left on device">tests/integration/test_legal_intake_workflow.py:91: in test_legal_intake_workflow_uses_router_backed_components
    components = await create_components(
component_library/component_factory.py:21: in create_components
    await instance.initialize(config.get(component_id, {}))
component_library/models/litellm_router.py:134: in initialize
    logger.info(
/usr/local/lib/python3.12/site-packages/structlog/_native.py:164: in meth
    return self._proxy_to_logger(
/usr/local/lib/python3.12/site-packages/structlog/_base.py:223: in _proxy_to_logger
    return getattr(self._logger, method_name)(*args, **kw)
           ^^^^^^^^^^^^^^^^^^^^^^^^^^^^^^^^^^^^^^^^^^^^^^^
/usr/local/lib/python3.12/site-packages/structlog/_output.py:110: in msg
    print(message, file=f, flush=True)
E   OSError: [Errno 28] No space left on device</failure></testcase><testcase classname="tests.observability.test_langfuse_integration" name="test_langfuse_disabled_is_noop" time="0.002"><failure message="OSError: [Errno 28] No space left on device">tests/observability/test_langfuse_integration.py:50: in test_langfuse_disabled_is_noop
    await provider.initialize({"model": "anthropic/claude-test"})
component_library/models/anthropic_provider.py:79: in initialize
    logger.info(
/usr/local/lib/python3.12/site-packages/structlog/_native.py:164: in meth
    return self._proxy_to_logger(
/usr/local/lib/python3.12/site-packages/structlog/_base.py:223: in _proxy_to_logger
    return getattr(self._logger, method_name)(*args, **kw)
           ^^^^^^^^^^^^^^^^^^^^^^^^^^^^^^^^^^^^^^^^^^^^^^^
/usr/local/lib/python3.12/site-packages/structlog/_output.py:110: in msg
    print(message, file=f, flush=True)
E   OSError: [Errno 28] No space left on device</failure></testcase><testcase classname="tests.observability.test_langfuse_integration" name="test_langfuse_records_model_generations_and_engine_spans" time="0.003"><failure message="OSError: [Errno 28] No space left on device">tests/observability/test_langfuse_integration.py:62: in test_langfuse_records_model_generations_and_engine_spans
    await provider.initialize({"model": "anthropic/claude-test"})
component_library/models/anthropic_provider.py:79: in initialize
    logger.info(
/usr/local/lib/python3.12/site-packages/structlog/_native.py:164: in meth
    return self._proxy_to_logger(
/usr/local/lib/python3.12/site-packages/structlog/_base.py:223: in _proxy_to_logger
    return getattr(self._logger, method_name)(*args, **kw)
           ^^^^^^^^^^^^^^^^^^^^^^^^^^^^^^^^^^^^^^^^^^^^^^^
/usr/local/lib/python3.12/site-packages/structlog/_output.py:110: in msg
    print(message, file=f, flush=True)
E   OSError: [Errno 28] No space left on device</failure></testcase><testcase classname="tests.observability.test_langfuse_integration" name="test_langfuse_records_pipeline_spans" time="0.008"><failure message="OSError: [Errno 28] No space left on device">tests/observability/test_langfuse_integration.py:184: in test_langfuse_records_pipeline_spans
    await start_pipeline(sample_requirements, build)
factory/workers/pipeline_worker.py:52: in start_pipeline
    logger.info("pipeline_start", build_id=str(build.id))
/usr/local/lib/python3.12/site-packages/structlog/_native.py:164: in meth
    return self._proxy_to_logger(
/usr/local/lib/python3.12/site-packages/structlog/_base.py:223: in _proxy_to_logger
    return getattr(self._logger, method_name)(*args, **kw)
           ^^^^^^^^^^^^^^^^^^^^^^^^^^^^^^^^^^^^^^^^^^^^^^^
/usr/local/lib/python3.12/site-packages/structlog/_output.py:110: in msg
    print(message, file=f, flush=True)
E   OSError: [Errno 28] No space left on device</failure></testcase><testcase classname="tests.runtime.test_autonomous_daily_loop" name="test_hosted_employee_daily_loop_executes_real_workflow" time="0.044"><failure message="OSError: [Errno 28] No space left on device">tests/runtime/test_autonomous_daily_loop.py:87: in test_hosted_employee_daily_loop_executes_real_workflow
    response = await client.post(
/usr/local/lib/python3.12/site-packages/httpx/_client.py:1859: in post
    return await self.request(
/usr/local/lib/python3.12/site-packages/httpx/_client.py:1540: in request
    return await self.send(request, auth=auth, follow_redirects=follow_redirects)
           ^^^^^^^^^^^^^^^^^^^^^^^^^^^^^^^^^^^^^^^^^^^^^^^^^^^^^^^^^^^^^^^^^^^^^^
/usr/local/lib/python3.12/site-packages/httpx/_client.py:1629: in send
    response = await self._send_handling_auth(
/usr/local/lib/python3.12/site-packages/httpx/_client.py:1657: in _send_handling_auth
    response = await self._send_handling_redirects(
/usr/local/lib/python3.12/site-packages/httpx/_client.py:1694: in _send_handling_redirects
    response = await self._send_single_request(request)
               ^^^^^^^^^^^^^^^^^^^^^^^^^^^^^^^^^^^^^^^^
/usr/local/lib/python3.12/site-packages/httpx/_client.py:1730: in _send_single_request
    response = await transport.handle_async_request(request)
               ^^^^^^^^^^^^^^^^^^^^^^^^^^^^^^^^^^^^^^^^^^^^^
/usr/local/lib/python3.12/site-packages/httpx/_transports/asgi.py:170: in handle_async_request
    await self.app(scope, receive, send)
/usr/local/lib/python3.12/site-packages/fastapi/applications.py:1159: in __call__
    await super().__call__(scope, receive, send)
/usr/local/lib/python3.12/site-packages/starlette/applications.py:90: in __call__
    await self.middleware_stack(scope, receive, send)
/usr/local/lib/python3.12/site-packages/starlette/middleware/errors.py:186: in __call__
    raise exc
/usr/local/lib/python3.12/site-packages/starlette/middleware/errors.py:164: in __call__
    await self.app(scope, receive, _send)
/usr/local/lib/python3.12/site-packages/starlette/middleware/exceptions.py:63: in __call__
    await wrap_app_handling_exceptions(self.app, conn)(scope, receive, send)
/usr/local/lib/python3.12/site-packages/starlette/_exception_handler.py:53: in wrapped_app
    raise exc
/usr/local/lib/python3.12/site-packages/starlette/_exception_handler.py:42: in wrapped_app
    await app(scope, receive, sender)
/usr/local/lib/python3.12/site-packages/fastapi/middleware/asyncexitstack.py:18: in __call__
    await self.app(scope, receive, send)
/usr/local/lib/python3.12/site-packages/starlette/routing.py:660: in __call__
    await self.middleware_stack(scope, receive, send)
/usr/local/lib/python3.12/site-packages/starlette/routing.py:680: in app
    await route.handle(scope, receive, send)
/usr/local/lib/python3.12/site-packages/starlette/routing.py:276: in handle
    await self.app(scope, receive, send)
/usr/local/lib/python3.12/site-packages/fastapi/routing.py:134: in app
    await wrap_app_handling_exceptions(app, request)(scope, receive, send)
/usr/local/lib/python3.12/site-packages/starlette/_exception_handler.py:53: in wrapped_app
    raise exc
/usr/local/lib/python3.12/site-packages/starlette/_exception_handler.py:42: in wrapped_app
    await app(scope, receive, sender)
/usr/local/lib/python3.12/site-packages/fastapi/routing.py:120: in app
    response = await f(request)
               ^^^^^^^^^^^^^^^^
/usr/local/lib/python3.12/site-packages/fastapi/routing.py:674: in app
    raw_response = await run_endpoint_function(
/usr/local/lib/python3.12/site-packages/fastapi/routing.py:328: in run_endpoint_function
    return await dependant.call(**values)
           ^^^^^^^^^^^^^^^^^^^^^^^^^^^^^^
employee_runtime/core/api.py:1414: in run_daily_loop
    await ensure_ready()
employee_runtime/core/api.py:1156: in ensure_ready
    await service.initialize()
employee_runtime/core/api.py:150: in initialize
    self.components = await create_components(component_ids, component_config)
                      ^^^^^^^^^^^^^^^^^^^^^^^^^^^^^^^^^^^^^^^^^^^^^^^^^^^^^^^^
component_library/component_factory.py:21: in create_components
    await instance.initialize(config.get(component_id, {}))
component_library/quality/input_protection.py:91: in initialize
    logger.warning(
/usr/local/lib/python3.12/site-packages/structlog/_native.py:164: in meth
    return self._proxy_to_logger(
/usr/local/lib/python3.12/site-packages/structlog/_base.py:223: in _proxy_to_logger
    return getattr(self._logger, method_name)(*args, **kw)
           ^^^^^^^^^^^^^^^^^^^^^^^^^^^^^^^^^^^^^^^^^^^^^^^
/usr/local/lib/python3.12/site-packages/structlog/_output.py:110: in msg
    print(message, file=f, flush=True)
E   OSError: [Errno 28] No space left on device</failure></testcase><testcase classname="tests.runtime.test_behavior_rules" name="test_behavior_rule_precedence_prefers_direct_commands" time="0.024"><failure message="OSError: [Errno 28] No space left on device">tests/runtime/test_behavior_rules.py:53: in test_behavior_rule_precedence_prefers_direct_commands
    adaptive = await client.post(
/usr/local/lib/python3.12/site-packages/httpx/_client.py:1859: in post
    return await self.request(
/usr/local/lib/python3.12/site-packages/httpx/_client.py:1540: in request
    return await self.send(request, auth=auth, follow_redirects=follow_redirects)
           ^^^^^^^^^^^^^^^^^^^^^^^^^^^^^^^^^^^^^^^^^^^^^^^^^^^^^^^^^^^^^^^^^^^^^^
/usr/local/lib/python3.12/site-packages/httpx/_client.py:1629: in send
    response = await self._send_handling_auth(
/usr/local/lib/python3.12/site-packages/httpx/_client.py:1657: in _send_handling_auth
    response = await self._send_handling_redirects(
/usr/local/lib/python3.12/site-packages/httpx/_client.py:1694: in _send_handling_redirects
    response = await self._send_single_request(request)
               ^^^^^^^^^^^^^^^^^^^^^^^^^^^^^^^^^^^^^^^^
/usr/local/lib/python3.12/site-packages/httpx/_client.py:1730: in _send_single_request
    response = await transport.handle_async_request(request)
               ^^^^^^^^^^^^^^^^^^^^^^^^^^^^^^^^^^^^^^^^^^^^^
/usr/local/lib/python3.12/site-packages/httpx/_transports/asgi.py:170: in handle_async_request
    await self.app(scope, receive, send)
/usr/local/lib/python3.12/site-packages/fastapi/applications.py:1159: in __call__
    await super().__call__(scope, receive, send)
/usr/local/lib/python3.12/site-packages/starlette/applications.py:90: in __call__
    await self.middleware_stack(scope, receive, send)
/usr/local/lib/python3.12/site-packages/starlette/middleware/errors.py:186: in __call__
    raise exc
/usr/local/lib/python3.12/site-packages/starlette/middleware/errors.py:164: in __call__
    await self.app(scope, receive, _send)
/usr/local/lib/python3.12/site-packages/starlette/middleware/exceptions.py:63: in __call__
    await wrap_app_handling_exceptions(self.app, conn)(scope, receive, send)
/usr/local/lib/python3.12/site-packages/starlette/_exception_handler.py:53: in wrapped_app
    raise exc
/usr/local/lib/python3.12/site-packages/starlette/_exception_handler.py:42: in wrapped_app
    await app(scope, receive, sender)
/usr/local/lib/python3.12/site-packages/fastapi/middleware/asyncexitstack.py:18: in __call__
    await self.app(scope, receive, send)
/usr/local/lib/python3.12/site-packages/starlette/routing.py:660: in __call__
    await self.middleware_stack(scope, receive, send)
/usr/local/lib/python3.12/site-packages/starlette/routing.py:680: in app
    await route.handle(scope, receive, send)
/usr/local/lib/python3.12/site-packages/starlette/routing.py:276: in handle
    await self.app(scope, receive, send)
/usr/local/lib/python3.12/site-packages/fastapi/routing.py:134: in app
    await wrap_app_handling_exceptions(app, request)(scope, receive, send)
/usr/local/lib/python3.12/site-packages/starlette/_exception_handler.py:53: in wrapped_app
    raise exc
/usr/local/lib/python3.12/site-packages/starlette/_exception_handler.py:42: in wrapped_app
    await app(scope, receive, sender)
/usr/local/lib/python3.12/site-packages/fastapi/routing.py:120: in app
    response = await f(request)
               ^^^^^^^^^^^^^^^^
/usr/local/lib/python3.12/site-packages/fastapi/routing.py:674: in app
    raw_response = await run_endpoint_function(
/usr/local/lib/python3.12/site-packages/fastapi/routing.py:328: in run_endpoint_function
    return await dependant.call(**values)
           ^^^^^^^^^^^^^^^^^^^^^^^^^^^^^^
employee_runtime/core/api.py:1369: in add_adaptive_pattern
    await ensure_ready()
employee_runtime/core/api.py:1156: in ensure_ready
    await service.initialize()
employee_runtime/core/api.py:150: in initialize
    self.components = await create_components(component_ids, component_config)
                      ^^^^^^^^^^^^^^^^^^^^^^^^^^^^^^^^^^^^^^^^^^^^^^^^^^^^^^^^
component_library/component_factory.py:21: in create_components
    await instance.initialize(config.get(component_id, {}))
component_library/quality/input_protection.py:91: in initialize
    logger.warning(
/usr/local/lib/python3.12/site-packages/structlog/_native.py:164: in meth
    return self._proxy_to_logger(
/usr/local/lib/python3.12/site-packages/structlog/_base.py:223: in _proxy_to_logger
    return getattr(self._logger, method_name)(*args, **kw)
           ^^^^^^^^^^^^^^^^^^^^^^^^^^^^^^^^^^^^^^^^^^^^^^^
/usr/local/lib/python3.12/site-packages/structlog/_output.py:110: in msg
    print(message, file=f, flush=True)
E   OSError: [Errno 28] No space left on device</failure></testcase><testcase classname="tests.runtime.test_behavior_rules" name="test_daily_loop_respects_quiet_hours_rules" time="0.022"><failure message="OSError: [Errno 28] No space left on device">tests/runtime/test_behavior_rules.py:146: in test_daily_loop_respects_quiet_hours_rules
    portal = await client.post(
/usr/local/lib/python3.12/site-packages/httpx/_client.py:1859: in post
    return await self.request(
/usr/local/lib/python3.12/site-packages/httpx/_client.py:1540: in request
    return await self.send(request, auth=auth, follow_redirects=follow_redirects)
           ^^^^^^^^^^^^^^^^^^^^^^^^^^^^^^^^^^^^^^^^^^^^^^^^^^^^^^^^^^^^^^^^^^^^^^
/usr/local/lib/python3.12/site-packages/httpx/_client.py:1629: in send
    response = await self._send_handling_auth(
/usr/local/lib/python3.12/site-packages/httpx/_client.py:1657: in _send_handling_auth
    response = await self._send_handling_redirects(
/usr/local/lib/python3.12/site-packages/httpx/_client.py:1694: in _send_handling_redirects
    response = await self._send_single_request(request)
               ^^^^^^^^^^^^^^^^^^^^^^^^^^^^^^^^^^^^^^^^
/usr/local/lib/python3.12/site-packages/httpx/_client.py:1730: in _send_single_request
    response = await transport.handle_async_request(request)
               ^^^^^^^^^^^^^^^^^^^^^^^^^^^^^^^^^^^^^^^^^^^^^
/usr/local/lib/python3.12/site-packages/httpx/_transports/asgi.py:170: in handle_async_request
    await self.app(scope, receive, send)
/usr/local/lib/python3.12/site-packages/fastapi/applications.py:1159: in __call__
    await super().__call__(scope, receive, send)
/usr/local/lib/python3.12/site-packages/starlette/applications.py:90: in __call__
    await self.middleware_stack(scope, receive, send)
/usr/local/lib/python3.12/site-packages/starlette/middleware/errors.py:186: in __call__
    raise exc
/usr/local/lib/python3.12/site-packages/starlette/middleware/errors.py:164: in __call__
    await self.app(scope, receive, _send)
/usr/local/lib/python3.12/site-packages/starlette/middleware/exceptions.py:63: in __call__
    await wrap_app_handling_exceptions(self.app, conn)(scope, receive, send)
/usr/local/lib/python3.12/site-packages/starlette/_exception_handler.py:53: in wrapped_app
    raise exc
/usr/local/lib/python3.12/site-packages/starlette/_exception_handler.py:42: in wrapped_app
    await app(scope, receive, sender)
/usr/local/lib/python3.12/site-packages/fastapi/middleware/asyncexitstack.py:18: in __call__
    await self.app(scope, receive, send)
/usr/local/lib/python3.12/site-packages/starlette/routing.py:660: in __call__
    await self.middleware_stack(scope, receive, send)
/usr/local/lib/python3.12/site-packages/starlette/routing.py:680: in app
    await route.handle(scope, receive, send)
/usr/local/lib/python3.12/site-packages/starlette/routing.py:276: in handle
    await self.app(scope, receive, send)
/usr/local/lib/python3.12/site-packages/fastapi/routing.py:134: in app
    await wrap_app_handling_exceptions(app, request)(scope, receive, send)
/usr/local/lib/python3.12/site-packages/starlette/_exception_handler.py:53: in wrapped_app
    raise exc
/usr/local/lib/python3.12/site-packages/starlette/_exception_handler.py:42: in wrapped_app
    await app(scope, receive, sender)
/usr/local/lib/python3.12/site-packages/fastapi/routing.py:120: in app
    response = await f(request)
               ^^^^^^^^^^^^^^^^
/usr/local/lib/python3.12/site-packages/fastapi/routing.py:674: in app
    raw_response = await run_endpoint_function(
/usr/local/lib/python3.12/site-packages/fastapi/routing.py:328: in run_endpoint_function
    return await dependant.call(**values)
           ^^^^^^^^^^^^^^^^^^^^^^^^^^^^^^
employee_runtime/core/api.py:1364: in add_portal_rule
    await ensure_ready()
employee_runtime/core/api.py:1156: in ensure_ready
    await service.initialize()
employee_runtime/core/api.py:150: in initialize
    self.components = await create_components(component_ids, component_config)
                      ^^^^^^^^^^^^^^^^^^^^^^^^^^^^^^^^^^^^^^^^^^^^^^^^^^^^^^^^
component_library/component_factory.py:21: in create_components
    await instance.initialize(config.get(component_id, {}))
component_library/quality/input_protection.py:91: in initialize
    logger.warning(
/usr/local/lib/python3.12/site-packages/structlog/_native.py:164: in meth
    return self._proxy_to_logger(
/usr/local/lib/python3.12/site-packages/structlog/_base.py:223: in _proxy_to_logger
    return getattr(self._logger, method_name)(*args, **kw)
           ^^^^^^^^^^^^^^^^^^^^^^^^^^^^^^^^^^^^^^^^^^^^^^^
/usr/local/lib/python3.12/site-packages/structlog/_output.py:110: in msg
    print(message, file=f, flush=True)
E   OSError: [Errno 28] No space left on device</failure></testcase><testcase classname="tests.runtime.test_conversation_persistence" name="test_chat_history_survives_service_reinitialization" time="0.034"><failure message="OSError: [Errno 28] No space left on device">tests/runtime/test_conversation_persistence.py:55: in test_chat_history_survives_service_reinitialization
    response = await client.post(
/usr/local/lib/python3.12/site-packages/httpx/_client.py:1859: in post
    return await self.request(
/usr/local/lib/python3.12/site-packages/httpx/_client.py:1540: in request
    return await self.send(request, auth=auth, follow_redirects=follow_redirects)
           ^^^^^^^^^^^^^^^^^^^^^^^^^^^^^^^^^^^^^^^^^^^^^^^^^^^^^^^^^^^^^^^^^^^^^^
/usr/local/lib/python3.12/site-packages/httpx/_client.py:1629: in send
    response = await self._send_handling_auth(
/usr/local/lib/python3.12/site-packages/httpx/_client.py:1657: in _send_handling_auth
    response = await self._send_handling_redirects(
/usr/local/lib/python3.12/site-packages/httpx/_client.py:1694: in _send_handling_redirects
    response = await self._send_single_request(request)
               ^^^^^^^^^^^^^^^^^^^^^^^^^^^^^^^^^^^^^^^^
/usr/local/lib/python3.12/site-packages/httpx/_client.py:1730: in _send_single_request
    response = await transport.handle_async_request(request)
               ^^^^^^^^^^^^^^^^^^^^^^^^^^^^^^^^^^^^^^^^^^^^^
/usr/local/lib/python3.12/site-packages/httpx/_transports/asgi.py:170: in handle_async_request
    await self.app(scope, receive, send)
/usr/local/lib/python3.12/site-packages/fastapi/applications.py:1159: in __call__
    await super().__call__(scope, receive, send)
/usr/local/lib/python3.12/site-packages/starlette/applications.py:90: in __call__
    await self.middleware_stack(scope, receive, send)
/usr/local/lib/python3.12/site-packages/starlette/middleware/errors.py:186: in __call__
    raise exc
/usr/local/lib/python3.12/site-packages/starlette/middleware/errors.py:164: in __call__
    await self.app(scope, receive, _send)
/usr/local/lib/python3.12/site-packages/starlette/middleware/exceptions.py:63: in __call__
    await wrap_app_handling_exceptions(self.app, conn)(scope, receive, send)
/usr/local/lib/python3.12/site-packages/starlette/_exception_handler.py:53: in wrapped_app
    raise exc
/usr/local/lib/python3.12/site-packages/starlette/_exception_handler.py:42: in wrapped_app
    await app(scope, receive, sender)
/usr/local/lib/python3.12/site-packages/fastapi/middleware/asyncexitstack.py:18: in __call__
    await self.app(scope, receive, send)
/usr/local/lib/python3.12/site-packages/starlette/routing.py:660: in __call__
    await self.middleware_stack(scope, receive, send)
/usr/local/lib/python3.12/site-packages/starlette/routing.py:680: in app
    await route.handle(scope, receive, send)
/usr/local/lib/python3.12/site-packages/starlette/routing.py:276: in handle
    await self.app(scope, receive, send)
/usr/local/lib/python3.12/site-packages/fastapi/routing.py:134: in app
    await wrap_app_handling_exceptions(app, request)(scope, receive, send)
/usr/local/lib/python3.12/site-packages/starlette/_exception_handler.py:53: in wrapped_app
    raise exc
/usr/local/lib/python3.12/site-packages/starlette/_exception_handler.py:42: in wrapped_app
    await app(scope, receive, sender)
/usr/local/lib/python3.12/site-packages/fastapi/routing.py:120: in app
    response = await f(request)
               ^^^^^^^^^^^^^^^^
/usr/local/lib/python3.12/site-packages/fastapi/routing.py:674: in app
    raw_response = await run_endpoint_function(
/usr/local/lib/python3.12/site-packages/fastapi/routing.py:328: in run_endpoint_function
    return await dependant.call(**values)
           ^^^^^^^^^^^^^^^^^^^^^^^^^^^^^^
employee_runtime/core/api.py:1210: in submit_task
    await ensure_ready()
employee_runtime/core/api.py:1156: in ensure_ready
    await service.initialize()
employee_runtime/core/api.py:150: in initialize
    self.components = await create_components(component_ids, component_config)
                      ^^^^^^^^^^^^^^^^^^^^^^^^^^^^^^^^^^^^^^^^^^^^^^^^^^^^^^^^
component_library/component_factory.py:21: in create_components
    await instance.initialize(config.get(component_id, {}))
component_library/models/litellm_router.py:134: in initialize
    logger.info(
/usr/local/lib/python3.12/site-packages/structlog/_native.py:164: in meth
    return self._proxy_to_logger(
/usr/local/lib/python3.12/site-packages/structlog/_base.py:223: in _proxy_to_logger
    return getattr(self._logger, method_name)(*args, **kw)
           ^^^^^^^^^^^^^^^^^^^^^^^^^^^^^^^^^^^^^^^^^^^^^^^
/usr/local/lib/python3.12/site-packages/structlog/_output.py:110: in msg
    print(message, file=f, flush=True)
E   OSError: [Errno 28] No space left on device</failure></testcase><testcase classname="tests.runtime.test_conversation_persistence" name="test_pending_approvals_recover_after_restart" time="0.044"><failure message="OSError: [Errno 28] No space left on device">tests/runtime/test_conversation_persistence.py:76: in test_pending_approvals_recover_after_restart
    response = await client.post(
/usr/local/lib/python3.12/site-packages/httpx/_client.py:1859: in post
    return await self.request(
/usr/local/lib/python3.12/site-packages/httpx/_client.py:1540: in request
    return await self.send(request, auth=auth, follow_redirects=follow_redirects)
           ^^^^^^^^^^^^^^^^^^^^^^^^^^^^^^^^^^^^^^^^^^^^^^^^^^^^^^^^^^^^^^^^^^^^^^
/usr/local/lib/python3.12/site-packages/httpx/_client.py:1629: in send
    response = await self._send_handling_auth(
/usr/local/lib/python3.12/site-packages/httpx/_client.py:1657: in _send_handling_auth
    response = await self._send_handling_redirects(
/usr/local/lib/python3.12/site-packages/httpx/_client.py:1694: in _send_handling_redirects
    response = await self._send_single_request(request)
               ^^^^^^^^^^^^^^^^^^^^^^^^^^^^^^^^^^^^^^^^
/usr/local/lib/python3.12/site-packages/httpx/_client.py:1730: in _send_single_request
    response = await transport.handle_async_request(request)
               ^^^^^^^^^^^^^^^^^^^^^^^^^^^^^^^^^^^^^^^^^^^^^
/usr/local/lib/python3.12/site-packages/httpx/_transports/asgi.py:170: in handle_async_request
    await self.app(scope, receive, send)
/usr/local/lib/python3.12/site-packages/fastapi/applications.py:1159: in __call__
    await super().__call__(scope, receive, send)
/usr/local/lib/python3.12/site-packages/starlette/applications.py:90: in __call__
    await self.middleware_stack(scope, receive, send)
/usr/local/lib/python3.12/site-packages/starlette/middleware/errors.py:186: in __call__
    raise exc
/usr/local/lib/python3.12/site-packages/starlette/middleware/errors.py:164: in __call__
    await self.app(scope, receive, _send)
/usr/local/lib/python3.12/site-packages/starlette/middleware/exceptions.py:63: in __call__
    await wrap_app_handling_exceptions(self.app, conn)(scope, receive, send)
/usr/local/lib/python3.12/site-packages/starlette/_exception_handler.py:53: in wrapped_app
    raise exc
/usr/local/lib/python3.12/site-packages/starlette/_exception_handler.py:42: in wrapped_app
    await app(scope, receive, sender)
/usr/local/lib/python3.12/site-packages/fastapi/middleware/asyncexitstack.py:18: in __call__
    await self.app(scope, receive, send)
/usr/local/lib/python3.12/site-packages/starlette/routing.py:660: in __call__
    await self.middleware_stack(scope, receive, send)
/usr/local/lib/python3.12/site-packages/starlette/routing.py:680: in app
    await route.handle(scope, receive, send)
/usr/local/lib/python3.12/site-packages/starlette/routing.py:276: in handle
    await self.app(scope, receive, send)
/usr/local/lib/python3.12/site-packages/fastapi/routing.py:134: in app
    await wrap_app_handling_exceptions(app, request)(scope, receive, send)
/usr/local/lib/python3.12/site-packages/starlette/_exception_handler.py:53: in wrapped_app
    raise exc
/usr/local/lib/python3.12/site-packages/starlette/_exception_handler.py:42: in wrapped_app
    await app(scope, receive, sender)
/usr/local/lib/python3.12/site-packages/fastapi/routing.py:120: in app
    response = await f(request)
               ^^^^^^^^^^^^^^^^
/usr/local/lib/python3.12/site-packages/fastapi/routing.py:674: in app
    raw_response = await run_endpoint_function(
/usr/local/lib/python3.12/site-packages/fastapi/routing.py:328: in run_endpoint_function
    return await dependant.call(**values)
           ^^^^^^^^^^^^^^^^^^^^^^^^^^^^^^
employee_runtime/core/api.py:1210: in submit_task
    await ensure_ready()
employee_runtime/core/api.py:1156: in ensure_ready
    await service.initialize()
employee_runtime/core/api.py:150: in initialize
    self.components = await create_components(component_ids, component_config)
                      ^^^^^^^^^^^^^^^^^^^^^^^^^^^^^^^^^^^^^^^^^^^^^^^^^^^^^^^^
component_library/component_factory.py:21: in create_components
    await instance.initialize(config.get(component_id, {}))
component_library/models/litellm_router.py:134: in initialize
    logger.info(
/usr/local/lib/python3.12/site-packages/structlog/_native.py:164: in meth
    return self._proxy_to_logger(
/usr/local/lib/python3.12/site-packages/structlog/_base.py:223: in _proxy_to_logger
    return getattr(self._logger, method_name)(*args, **kw)
           ^^^^^^^^^^^^^^^^^^^^^^^^^^^^^^^^^^^^^^^^^^^^^^^
/usr/local/lib/python3.12/site-packages/structlog/_output.py:110: in msg
    print(message, file=f, flush=True)
E   OSError: [Errno 28] No space left on device</failure></testcase><testcase classname="tests.runtime.test_conversation_persistence" name="test_corrections_and_daily_loop_messages_persist_after_restart" time="0.021"><failure message="OSError: [Errno 28] No space left on device">tests/runtime/test_conversation_persistence.py:98: in test_corrections_and_daily_loop_messages_persist_after_restart
    task = await client.post(
/usr/local/lib/python3.12/site-packages/httpx/_client.py:1859: in post
    return await self.request(
/usr/local/lib/python3.12/site-packages/httpx/_client.py:1540: in request
    return await self.send(request, auth=auth, follow_redirects=follow_redirects)
           ^^^^^^^^^^^^^^^^^^^^^^^^^^^^^^^^^^^^^^^^^^^^^^^^^^^^^^^^^^^^^^^^^^^^^^
/usr/local/lib/python3.12/site-packages/httpx/_client.py:1629: in send
    response = await self._send_handling_auth(
/usr/local/lib/python3.12/site-packages/httpx/_client.py:1657: in _send_handling_auth
    response = await self._send_handling_redirects(
/usr/local/lib/python3.12/site-packages/httpx/_client.py:1694: in _send_handling_redirects
    response = await self._send_single_request(request)
               ^^^^^^^^^^^^^^^^^^^^^^^^^^^^^^^^^^^^^^^^
/usr/local/lib/python3.12/site-packages/httpx/_client.py:1730: in _send_single_request
    response = await transport.handle_async_request(request)
               ^^^^^^^^^^^^^^^^^^^^^^^^^^^^^^^^^^^^^^^^^^^^^
/usr/local/lib/python3.12/site-packages/httpx/_transports/asgi.py:170: in handle_async_request
    await self.app(scope, receive, send)
/usr/local/lib/python3.12/site-packages/fastapi/applications.py:1159: in __call__
    await super().__call__(scope, receive, send)
/usr/local/lib/python3.12/site-packages/starlette/applications.py:90: in __call__
    await self.middleware_stack(scope, receive, send)
/usr/local/lib/python3.12/site-packages/starlette/middleware/errors.py:186: in __call__
    raise exc
/usr/local/lib/python3.12/site-packages/starlette/middleware/errors.py:164: in __call__
    await self.app(scope, receive, _send)
/usr/local/lib/python3.12/site-packages/starlette/middleware/exceptions.py:63: in __call__
    await wrap_app_handling_exceptions(self.app, conn)(scope, receive, send)
/usr/local/lib/python3.12/site-packages/starlette/_exception_handler.py:53: in wrapped_app
    raise exc
/usr/local/lib/python3.12/site-packages/starlette/_exception_handler.py:42: in wrapped_app
    await app(scope, receive, sender)
/usr/local/lib/python3.12/site-packages/fastapi/middleware/asyncexitstack.py:18: in __call__
    await self.app(scope, receive, send)
/usr/local/lib/python3.12/site-packages/starlette/routing.py:660: in __call__
    await self.middleware_stack(scope, receive, send)
/usr/local/lib/python3.12/site-packages/starlette/routing.py:680: in app
    await route.handle(scope, receive, send)
/usr/local/lib/python3.12/site-packages/starlette/routing.py:276: in handle
    await self.app(scope, receive, send)
/usr/local/lib/python3.12/site-packages/fastapi/routing.py:134: in app
    await wrap_app_handling_exceptions(app, request)(scope, receive, send)
/usr/local/lib/python3.12/site-packages/starlette/_exception_handler.py:53: in wrapped_app
    raise exc
/usr/local/lib/python3.12/site-packages/starlette/_exception_handler.py:42: in wrapped_app
    await app(scope, receive, sender)
/usr/local/lib/python3.12/site-packages/fastapi/routing.py:120: in app
    response = await f(request)
               ^^^^^^^^^^^^^^^^
/usr/local/lib/python3.12/site-packages/fastapi/routing.py:674: in app
    raw_response = await run_endpoint_function(
/usr/local/lib/python3.12/site-packages/fastapi/routing.py:328: in run_endpoint_function
    return await dependant.call(**values)
           ^^^^^^^^^^^^^^^^^^^^^^^^^^^^^^
employee_runtime/core/api.py:1210: in submit_task
    await ensure_ready()
employee_runtime/core/api.py:1156: in ensure_ready
    await service.initialize()
employee_runtime/core/api.py:150: in initialize
    self.components = await create_components(component_ids, component_config)
                      ^^^^^^^^^^^^^^^^^^^^^^^^^^^^^^^^^^^^^^^^^^^^^^^^^^^^^^^^
component_library/component_factory.py:21: in create_components
    await instance.initialize(config.get(component_id, {}))
component_library/models/litellm_router.py:134: in initialize
    logger.info(
/usr/local/lib/python3.12/site-packages/structlog/_native.py:164: in meth
    return self._proxy_to_logger(
/usr/local/lib/python3.12/site-packages/structlog/_base.py:223: in _proxy_to_logger
    return getattr(self._logger, method_name)(*args, **kw)
           ^^^^^^^^^^^^^^^^^^^^^^^^^^^^^^^^^^^^^^^^^^^^^^^
/usr/local/lib/python3.12/site-packages/structlog/_output.py:110: in msg
    print(message, file=f, flush=True)
E   OSError: [Errno 28] No space left on device</failure></testcase><testcase classname="tests.runtime.test_conversation_persistence" name="test_websocket_chat_persists_messages_in_order" time="0.032"><failure message="OSError: [Errno 28] No space left on device">tests/runtime/test_conversation_persistence.py:159: in test_websocket_chat_persists_messages_in_order
    with TestClient(app) as client:
         ^^^^^^^^^^^^^^^
/usr/local/lib/python3.12/site-packages/starlette/testclient.py:688: in __enter__
    portal.call(self.wait_startup)
/usr/local/lib/python3.12/site-packages/anyio/from_thread.py:334: in call
    return cast(T_Retval, self.start_task_soon(func, *args).result())
                          ^^^^^^^^^^^^^^^^^^^^^^^^^^^^^^^^^^^^^^^^^^
/usr/local/lib/python3.12/concurrent/futures/_base.py:456: in result
    return self.__get_result()
           ^^^^^^^^^^^^^^^^^^^
/usr/local/lib/python3.12/concurrent/futures/_base.py:401: in __get_result
    raise self._exception
/usr/local/lib/python3.12/site-packages/anyio/from_thread.py:259: in _call_func
    retval = await retval_or_awaitable
             ^^^^^^^^^^^^^^^^^^^^^^^^^
/usr/local/lib/python3.12/site-packages/starlette/testclient.py:723: in wait_startup
    await receive()
/usr/local/lib/python3.12/site-packages/starlette/testclient.py:714: in receive
    self.task.result()
/usr/local/lib/python3.12/concurrent/futures/_base.py:449: in result
    return self.__get_result()
           ^^^^^^^^^^^^^^^^^^^
/usr/local/lib/python3.12/concurrent/futures/_base.py:401: in __get_result
    raise self._exception
/usr/local/lib/python3.12/site-packages/anyio/from_thread.py:259: in _call_func
    retval = await retval_or_awaitable
             ^^^^^^^^^^^^^^^^^^^^^^^^^
/usr/local/lib/python3.12/site-packages/starlette/testclient.py:704: in lifespan
    await self.app(scope, self.stream_receive.receive, self.stream_send.send)
/usr/local/lib/python3.12/site-packages/fastapi/applications.py:1159: in __call__
    await super().__call__(scope, receive, send)
/usr/local/lib/python3.12/site-packages/starlette/applications.py:90: in __call__
    await self.middleware_stack(scope, receive, send)
/usr/local/lib/python3.12/site-packages/starlette/middleware/errors.py:151: in __call__
    await self.app(scope, receive, send)
/usr/local/lib/python3.12/site-packages/starlette/middleware/exceptions.py:49: in __call__
    await self.app(scope, receive, send)
/usr/local/lib/python3.12/site-packages/fastapi/middleware/asyncexitstack.py:18: in __call__
    await self.app(scope, receive, send)
/usr/local/lib/python3.12/site-packages/starlette/routing.py:660: in __call__
    await self.middleware_stack(scope, receive, send)
/usr/local/lib/python3.12/site-packages/starlette/routing.py:669: in app
    await self.lifespan(scope, receive, send)
/usr/local/lib/python3.12/site-packages/starlette/routing.py:638: in lifespan
    async with self.lifespan_context(app) as maybe_state:
               ^^^^^^^^^^^^^^^^^^^^^^^^^^
/usr/local/lib/python3.12/contextlib.py:210: in __aenter__
    return await anext(self.gen)
           ^^^^^^^^^^^^^^^^^^^^^
employee_runtime/core/api.py:1163: in lifespan
    await service.initialize()
employee_runtime/core/api.py:150: in initialize
    self.components = await create_components(component_ids, component_config)
                      ^^^^^^^^^^^^^^^^^^^^^^^^^^^^^^^^^^^^^^^^^^^^^^^^^^^^^^^^
component_library/component_factory.py:21: in create_components
    await instance.initialize(config.get(component_id, {}))
component_library/models/litellm_router.py:134: in initialize
    logger.info(
/usr/local/lib/python3.12/site-packages/structlog/_native.py:164: in meth
    return self._proxy_to_logger(
/usr/local/lib/python3.12/site-packages/structlog/_base.py:223: in _proxy_to_logger
    return getattr(self._logger, method_name)(*args, **kw)
           ^^^^^^^^^^^^^^^^^^^^^^^^^^^^^^^^^^^^^^^^^^^^^^^
/usr/local/lib/python3.12/site-packages/structlog/_output.py:110: in msg
    print(message, file=f, flush=True)
E   OSError: [Errno 28] No space left on device</failure></testcase><testcase classname="tests.runtime.test_conversation_persistence" name="test_runtime_health_degrades_when_employee_local_db_fails" time="0.197" /><testcase classname="tests.runtime.test_deliberation_council" name="test_deliberation_simple_approval" time="0.002" /><testcase classname="tests.runtime.test_deliberation_council" name="test_deliberation_rejection" time="0.001" /><testcase classname="tests.runtime.test_deliberation_council" name="test_deliberation_supervisor_forces_rerun" time="0.002" /><testcase classname="tests.runtime.test_deliberation_council" name="test_deliberation_time_limit_exceeded" time="0.001" /><testcase classname="tests.runtime.test_deliberation_council" name="test_adversarial_review_wrapper_uses_council" time="0.001" /><testcase classname="tests.runtime.test_dynamic_workflow" name="test_dynamic_workflow_runs_end_to_end" time="0.013" /><testcase classname="tests.runtime.test_dynamic_workflow" name="test_dynamic_workflow_conditional_route" time="0.016" /><testcase classname="tests.runtime.test_dynamic_workflow" name="test_unknown_condition_operator_raises" time="0.000" /><testcase classname="tests.runtime.test_employee_api" name="test_employee_api_task_flow" time="0.065"><failure message="OSError: [Errno 28] No space left on device">tests/runtime/test_employee_api.py:14: in test_employee_api_task_flow
    history = await client.get("/api/v1/chat/history")
              ^^^^^^^^^^^^^^^^^^^^^^^^^^^^^^^^^^^^^^^^
/usr/local/lib/python3.12/site-packages/httpx/_client.py:1768: in get
    return await self.request(
/usr/local/lib/python3.12/site-packages/httpx/_client.py:1540: in request
    return await self.send(request, auth=auth, follow_redirects=follow_redirects)
           ^^^^^^^^^^^^^^^^^^^^^^^^^^^^^^^^^^^^^^^^^^^^^^^^^^^^^^^^^^^^^^^^^^^^^^
/usr/local/lib/python3.12/site-packages/httpx/_client.py:1629: in send
    response = await self._send_handling_auth(
/usr/local/lib/python3.12/site-packages/httpx/_client.py:1657: in _send_handling_auth
    response = await self._send_handling_redirects(
/usr/local/lib/python3.12/site-packages/httpx/_client.py:1694: in _send_handling_redirects
    response = await self._send_single_request(request)
               ^^^^^^^^^^^^^^^^^^^^^^^^^^^^^^^^^^^^^^^^
/usr/local/lib/python3.12/site-packages/httpx/_client.py:1730: in _send_single_request
    response = await transport.handle_async_request(request)
               ^^^^^^^^^^^^^^^^^^^^^^^^^^^^^^^^^^^^^^^^^^^^^
/usr/local/lib/python3.12/site-packages/httpx/_transports/asgi.py:170: in handle_async_request
    await self.app(scope, receive, send)
/usr/local/lib/python3.12/site-packages/fastapi/applications.py:1159: in __call__
    await super().__call__(scope, receive, send)
/usr/local/lib/python3.12/site-packages/starlette/applications.py:90: in __call__
    await self.middleware_stack(scope, receive, send)
/usr/local/lib/python3.12/site-packages/starlette/middleware/errors.py:186: in __call__
    raise exc
/usr/local/lib/python3.12/site-packages/starlette/middleware/errors.py:164: in __call__
    await self.app(scope, receive, _send)
/usr/local/lib/python3.12/site-packages/starlette/middleware/exceptions.py:63: in __call__
    await wrap_app_handling_exceptions(self.app, conn)(scope, receive, send)
/usr/local/lib/python3.12/site-packages/starlette/_exception_handler.py:53: in wrapped_app
    raise exc
/usr/local/lib/python3.12/site-packages/starlette/_exception_handler.py:42: in wrapped_app
    await app(scope, receive, sender)
/usr/local/lib/python3.12/site-packages/fastapi/middleware/asyncexitstack.py:18: in __call__
    await self.app(scope, receive, send)
/usr/local/lib/python3.12/site-packages/starlette/routing.py:660: in __call__
    await self.middleware_stack(scope, receive, send)
/usr/local/lib/python3.12/site-packages/starlette/routing.py:680: in app
    await route.handle(scope, receive, send)
/usr/local/lib/python3.12/site-packages/starlette/routing.py:276: in handle
    await self.app(scope, receive, send)
/usr/local/lib/python3.12/site-packages/fastapi/routing.py:134: in app
    await wrap_app_handling_exceptions(app, request)(scope, receive, send)
/usr/local/lib/python3.12/site-packages/starlette/_exception_handler.py:53: in wrapped_app
    raise exc
/usr/local/lib/python3.12/site-packages/starlette/_exception_handler.py:42: in wrapped_app
    await app(scope, receive, sender)
/usr/local/lib/python3.12/site-packages/fastapi/routing.py:120: in app
    response = await f(request)
               ^^^^^^^^^^^^^^^^
/usr/local/lib/python3.12/site-packages/fastapi/routing.py:674: in app
    raw_response = await run_endpoint_function(
/usr/local/lib/python3.12/site-packages/fastapi/routing.py:328: in run_endpoint_function
    return await dependant.call(**values)
           ^^^^^^^^^^^^^^^^^^^^^^^^^^^^^^
employee_runtime/core/api.py:1205: in chat_history
    await ensure_ready()
employee_runtime/core/api.py:1156: in ensure_ready
    await service.initialize()
employee_runtime/core/api.py:150: in initialize
    self.components = await create_components(component_ids, component_config)
                      ^^^^^^^^^^^^^^^^^^^^^^^^^^^^^^^^^^^^^^^^^^^^^^^^^^^^^^^^
component_library/component_factory.py:21: in create_components
    await instance.initialize(config.get(component_id, {}))
component_library/models/litellm_router.py:134: in initialize
    logger.info(
/usr/local/lib/python3.12/site-packages/structlog/_native.py:164: in meth
    return self._proxy_to_logger(
/usr/local/lib/python3.12/site-packages/structlog/_base.py:223: in _proxy_to_logger
    return getattr(self._logger, method_name)(*args, **kw)
           ^^^^^^^^^^^^^^^^^^^^^^^^^^^^^^^^^^^^^^^^^^^^^^^
/usr/local/lib/python3.12/site-packages/structlog/_output.py:110: in msg
    print(message, file=f, flush=True)
E   OSError: [Errno 28] No space left on device</failure></testcase><testcase classname="tests.runtime.test_employee_api" name="test_employee_api_memory_ops_and_metrics_dashboard" time="0.027"><failure message="OSError: [Errno 28] No space left on device">tests/runtime/test_employee_api.py:30: in test_employee_api_memory_ops_and_metrics_dashboard
    update = await client.patch(
/usr/local/lib/python3.12/site-packages/httpx/_client.py:1933: in patch
    return await self.request(
/usr/local/lib/python3.12/site-packages/httpx/_client.py:1540: in request
    return await self.send(request, auth=auth, follow_redirects=follow_redirects)
           ^^^^^^^^^^^^^^^^^^^^^^^^^^^^^^^^^^^^^^^^^^^^^^^^^^^^^^^^^^^^^^^^^^^^^^
/usr/local/lib/python3.12/site-packages/httpx/_client.py:1629: in send
    response = await self._send_handling_auth(
/usr/local/lib/python3.12/site-packages/httpx/_client.py:1657: in _send_handling_auth
    response = await self._send_handling_redirects(
/usr/local/lib/python3.12/site-packages/httpx/_client.py:1694: in _send_handling_redirects
    response = await self._send_single_request(request)
               ^^^^^^^^^^^^^^^^^^^^^^^^^^^^^^^^^^^^^^^^
/usr/local/lib/python3.12/site-packages/httpx/_client.py:1730: in _send_single_request
    response = await transport.handle_async_request(request)
               ^^^^^^^^^^^^^^^^^^^^^^^^^^^^^^^^^^^^^^^^^^^^^
/usr/local/lib/python3.12/site-packages/httpx/_transports/asgi.py:170: in handle_async_request
    await self.app(scope, receive, send)
/usr/local/lib/python3.12/site-packages/fastapi/applications.py:1159: in __call__
    await super().__call__(scope, receive, send)
/usr/local/lib/python3.12/site-packages/starlette/applications.py:90: in __call__
    await self.middleware_stack(scope, receive, send)
/usr/local/lib/python3.12/site-packages/starlette/middleware/errors.py:186: in __call__
    raise exc
/usr/local/lib/python3.12/site-packages/starlette/middleware/errors.py:164: in __call__
    await self.app(scope, receive, _send)
/usr/local/lib/python3.12/site-packages/starlette/middleware/exceptions.py:63: in __call__
    await wrap_app_handling_exceptions(self.app, conn)(scope, receive, send)
/usr/local/lib/python3.12/site-packages/starlette/_exception_handler.py:53: in wrapped_app
    raise exc
/usr/local/lib/python3.12/site-packages/starlette/_exception_handler.py:42: in wrapped_app
    await app(scope, receive, sender)
/usr/local/lib/python3.12/site-packages/fastapi/middleware/asyncexitstack.py:18: in __call__
    await self.app(scope, receive, send)
/usr/local/lib/python3.12/site-packages/starlette/routing.py:660: in __call__
    await self.middleware_stack(scope, receive, send)
/usr/local/lib/python3.12/site-packages/starlette/routing.py:680: in app
    await route.handle(scope, receive, send)
/usr/local/lib/python3.12/site-packages/starlette/routing.py:276: in handle
    await self.app(scope, receive, send)
/usr/local/lib/python3.12/site-packages/fastapi/routing.py:134: in app
    await wrap_app_handling_exceptions(app, request)(scope, receive, send)
/usr/local/lib/python3.12/site-packages/starlette/_exception_handler.py:53: in wrapped_app
    raise exc
/usr/local/lib/python3.12/site-packages/starlette/_exception_handler.py:42: in wrapped_app
    await app(scope, receive, sender)
/usr/local/lib/python3.12/site-packages/fastapi/routing.py:120: in app
    response = await f(request)
               ^^^^^^^^^^^^^^^^
/usr/local/lib/python3.12/site-packages/fastapi/routing.py:674: in app
    raw_response = await run_endpoint_function(
/usr/local/lib/python3.12/site-packages/fastapi/routing.py:328: in run_endpoint_function
    return await dependant.call(**values)
           ^^^^^^^^^^^^^^^^^^^^^^^^^^^^^^
employee_runtime/core/api.py:1264: in patch_operational_memory
    await ensure_ready()
employee_runtime/core/api.py:1156: in ensure_ready
    await service.initialize()
employee_runtime/core/api.py:150: in initialize
    self.components = await create_components(component_ids, component_config)
                      ^^^^^^^^^^^^^^^^^^^^^^^^^^^^^^^^^^^^^^^^^^^^^^^^^^^^^^^^
component_library/component_factory.py:21: in create_components
    await instance.initialize(config.get(component_id, {}))
component_library/models/litellm_router.py:134: in initialize
    logger.info(
/usr/local/lib/python3.12/site-packages/structlog/_native.py:164: in meth
    return self._proxy_to_logger(
/usr/local/lib/python3.12/site-packages/structlog/_base.py:223: in _proxy_to_logger
    return getattr(self._logger, method_name)(*args, **kw)
           ^^^^^^^^^^^^^^^^^^^^^^^^^^^^^^^^^^^^^^^^^^^^^^^
/usr/local/lib/python3.12/site-packages/structlog/_output.py:110: in msg
    print(message, file=f, flush=True)
E   OSError: [Errno 28] No space left on device</failure></testcase><testcase classname="tests.runtime.test_employee_api" name="test_employee_api_knowledge_document_upload" time="0.030"><failure message="OSError: [Errno 28] No space left on device">tests/runtime/test_employee_api.py:83: in test_employee_api_knowledge_document_upload
    upload = await client.post(
/usr/local/lib/python3.12/site-packages/httpx/_client.py:1859: in post
    return await self.request(
/usr/local/lib/python3.12/site-packages/httpx/_client.py:1540: in request
    return await self.send(request, auth=auth, follow_redirects=follow_redirects)
           ^^^^^^^^^^^^^^^^^^^^^^^^^^^^^^^^^^^^^^^^^^^^^^^^^^^^^^^^^^^^^^^^^^^^^^
/usr/local/lib/python3.12/site-packages/httpx/_client.py:1629: in send
    response = await self._send_handling_auth(
/usr/local/lib/python3.12/site-packages/httpx/_client.py:1657: in _send_handling_auth
    response = await self._send_handling_redirects(
/usr/local/lib/python3.12/site-packages/httpx/_client.py:1694: in _send_handling_redirects
    response = await self._send_single_request(request)
               ^^^^^^^^^^^^^^^^^^^^^^^^^^^^^^^^^^^^^^^^
/usr/local/lib/python3.12/site-packages/httpx/_client.py:1730: in _send_single_request
    response = await transport.handle_async_request(request)
               ^^^^^^^^^^^^^^^^^^^^^^^^^^^^^^^^^^^^^^^^^^^^^
/usr/local/lib/python3.12/site-packages/httpx/_transports/asgi.py:170: in handle_async_request
    await self.app(scope, receive, send)
/usr/local/lib/python3.12/site-packages/fastapi/applications.py:1159: in __call__
    await super().__call__(scope, receive, send)
/usr/local/lib/python3.12/site-packages/starlette/applications.py:90: in __call__
    await self.middleware_stack(scope, receive, send)
/usr/local/lib/python3.12/site-packages/starlette/middleware/errors.py:186: in __call__
    raise exc
/usr/local/lib/python3.12/site-packages/starlette/middleware/errors.py:164: in __call__
    await self.app(scope, receive, _send)
/usr/local/lib/python3.12/site-packages/starlette/middleware/exceptions.py:63: in __call__
    await wrap_app_handling_exceptions(self.app, conn)(scope, receive, send)
/usr/local/lib/python3.12/site-packages/starlette/_exception_handler.py:53: in wrapped_app
    raise exc
/usr/local/lib/python3.12/site-packages/starlette/_exception_handler.py:42: in wrapped_app
    await app(scope, receive, sender)
/usr/local/lib/python3.12/site-packages/fastapi/middleware/asyncexitstack.py:18: in __call__
    await self.app(scope, receive, send)
/usr/local/lib/python3.12/site-packages/starlette/routing.py:660: in __call__
    await self.middleware_stack(scope, receive, send)
/usr/local/lib/python3.12/site-packages/starlette/routing.py:680: in app
    await route.handle(scope, receive, send)
/usr/local/lib/python3.12/site-packages/starlette/routing.py:276: in handle
    await self.app(scope, receive, send)
/usr/local/lib/python3.12/site-packages/fastapi/routing.py:134: in app
    await wrap_app_handling_exceptions(app, request)(scope, receive, send)
/usr/local/lib/python3.12/site-packages/starlette/_exception_handler.py:53: in wrapped_app
    raise exc
/usr/local/lib/python3.12/site-packages/starlette/_exception_handler.py:42: in wrapped_app
    await app(scope, receive, sender)
/usr/local/lib/python3.12/site-packages/fastapi/routing.py:120: in app
    response = await f(request)
               ^^^^^^^^^^^^^^^^
/usr/local/lib/python3.12/site-packages/fastapi/routing.py:674: in app
    raw_response = await run_endpoint_function(
/usr/local/lib/python3.12/site-packages/fastapi/routing.py:328: in run_endpoint_function
    return await dependant.call(**values)
           ^^^^^^^^^^^^^^^^^^^^^^^^^^^^^^
employee_runtime/core/api.py:1398: in upload_document
    await ensure_ready()
employee_runtime/core/api.py:1156: in ensure_ready
    await service.initialize()
employee_runtime/core/api.py:150: in initialize
    self.components = await create_components(component_ids, component_config)
                      ^^^^^^^^^^^^^^^^^^^^^^^^^^^^^^^^^^^^^^^^^^^^^^^^^^^^^^^^
component_library/component_factory.py:21: in create_components
    await instance.initialize(config.get(component_id, {}))
component_library/quality/input_protection.py:91: in initialize
    logger.warning(
/usr/local/lib/python3.12/site-packages/structlog/_native.py:164: in meth
    return self._proxy_to_logger(
/usr/local/lib/python3.12/site-packages/structlog/_base.py:223: in _proxy_to_logger
    return getattr(self._logger, method_name)(*args, **kw)
           ^^^^^^^^^^^^^^^^^^^^^^^^^^^^^^^^^^^^^^^^^^^^^^^
/usr/local/lib/python3.12/site-packages/structlog/_output.py:110: in msg
    print(message, file=f, flush=True)
E   OSError: [Errno 28] No space left on device</failure></testcase><testcase classname="tests.runtime.test_executive_assistant_api" name="test_executive_assistant_runtime_flow" time="0.017"><failure message="OSError: [Errno 28] No space left on device">tests/runtime/test_executive_assistant_api.py:54: in test_executive_assistant_runtime_flow
    meta = await client.get("/api/v1/meta")
           ^^^^^^^^^^^^^^^^^^^^^^^^^^^^^^^^
/usr/local/lib/python3.12/site-packages/httpx/_client.py:1768: in get
    return await self.request(
/usr/local/lib/python3.12/site-packages/httpx/_client.py:1540: in request
    return await self.send(request, auth=auth, follow_redirects=follow_redirects)
           ^^^^^^^^^^^^^^^^^^^^^^^^^^^^^^^^^^^^^^^^^^^^^^^^^^^^^^^^^^^^^^^^^^^^^^
/usr/local/lib/python3.12/site-packages/httpx/_client.py:1629: in send
    response = await self._send_handling_auth(
/usr/local/lib/python3.12/site-packages/httpx/_client.py:1657: in _send_handling_auth
    response = await self._send_handling_redirects(
/usr/local/lib/python3.12/site-packages/httpx/_client.py:1694: in _send_handling_redirects
    response = await self._send_single_request(request)
               ^^^^^^^^^^^^^^^^^^^^^^^^^^^^^^^^^^^^^^^^
/usr/local/lib/python3.12/site-packages/httpx/_client.py:1730: in _send_single_request
    response = await transport.handle_async_request(request)
               ^^^^^^^^^^^^^^^^^^^^^^^^^^^^^^^^^^^^^^^^^^^^^
/usr/local/lib/python3.12/site-packages/httpx/_transports/asgi.py:170: in handle_async_request
    await self.app(scope, receive, send)
/usr/local/lib/python3.12/site-packages/fastapi/applications.py:1159: in __call__
    await super().__call__(scope, receive, send)
/usr/local/lib/python3.12/site-packages/starlette/applications.py:90: in __call__
    await self.middleware_stack(scope, receive, send)
/usr/local/lib/python3.12/site-packages/starlette/middleware/errors.py:186: in __call__
    raise exc
/usr/local/lib/python3.12/site-packages/starlette/middleware/errors.py:164: in __call__
    await self.app(scope, receive, _send)
/usr/local/lib/python3.12/site-packages/starlette/middleware/exceptions.py:63: in __call__
    await wrap_app_handling_exceptions(self.app, conn)(scope, receive, send)
/usr/local/lib/python3.12/site-packages/starlette/_exception_handler.py:53: in wrapped_app
    raise exc
/usr/local/lib/python3.12/site-packages/starlette/_exception_handler.py:42: in wrapped_app
    await app(scope, receive, sender)
/usr/local/lib/python3.12/site-packages/fastapi/middleware/asyncexitstack.py:18: in __call__
    await self.app(scope, receive, send)
/usr/local/lib/python3.12/site-packages/starlette/routing.py:660: in __call__
    await self.middleware_stack(scope, receive, send)
/usr/local/lib/python3.12/site-packages/starlette/routing.py:680: in app
    await route.handle(scope, receive, send)
/usr/local/lib/python3.12/site-packages/starlette/routing.py:276: in handle
    await self.app(scope, receive, send)
/usr/local/lib/python3.12/site-packages/fastapi/routing.py:134: in app
    await wrap_app_handling_exceptions(app, request)(scope, receive, send)
/usr/local/lib/python3.12/site-packages/starlette/_exception_handler.py:53: in wrapped_app
    raise exc
/usr/local/lib/python3.12/site-packages/starlette/_exception_handler.py:42: in wrapped_app
    await app(scope, receive, sender)
/usr/local/lib/python3.12/site-packages/fastapi/routing.py:120: in app
    response = await f(request)
               ^^^^^^^^^^^^^^^^
/usr/local/lib/python3.12/site-packages/fastapi/routing.py:674: in app
    raw_response = await run_endpoint_function(
/usr/local/lib/python3.12/site-packages/fastapi/routing.py:328: in run_endpoint_function
    return await dependant.call(**values)
           ^^^^^^^^^^^^^^^^^^^^^^^^^^^^^^
employee_runtime/core/api.py:1194: in meta
    await ensure_ready()
employee_runtime/core/api.py:1156: in ensure_ready
    await service.initialize()
employee_runtime/core/api.py:150: in initialize
    self.components = await create_components(component_ids, component_config)
                      ^^^^^^^^^^^^^^^^^^^^^^^^^^^^^^^^^^^^^^^^^^^^^^^^^^^^^^^^
component_library/component_factory.py:21: in create_components
    await instance.initialize(config.get(component_id, {}))
component_library/quality/input_protection.py:91: in initialize
    logger.warning(
/usr/local/lib/python3.12/site-packages/structlog/_native.py:164: in meth
    return self._proxy_to_logger(
/usr/local/lib/python3.12/site-packages/structlog/_base.py:223: in _proxy_to_logger
    return getattr(self._logger, method_name)(*args, **kw)
           ^^^^^^^^^^^^^^^^^^^^^^^^^^^^^^^^^^^^^^^^^^^^^^^
/usr/local/lib/python3.12/site-packages/structlog/_output.py:110: in msg
    print(message, file=f, flush=True)
E   OSError: [Errno 28] No space left on device</failure></testcase><testcase classname="tests.runtime.test_executive_assistant_api" name="test_executive_assistant_novel_situation_proposes_options" time="0.021"><failure message="OSError: [Errno 28] No space left on device">tests/runtime/test_executive_assistant_api.py:117: in test_executive_assistant_novel_situation_proposes_options
    response = await client.post(
/usr/local/lib/python3.12/site-packages/httpx/_client.py:1859: in post
    return await self.request(
/usr/local/lib/python3.12/site-packages/httpx/_client.py:1540: in request
    return await self.send(request, auth=auth, follow_redirects=follow_redirects)
           ^^^^^^^^^^^^^^^^^^^^^^^^^^^^^^^^^^^^^^^^^^^^^^^^^^^^^^^^^^^^^^^^^^^^^^
/usr/local/lib/python3.12/site-packages/httpx/_client.py:1629: in send
    response = await self._send_handling_auth(
/usr/local/lib/python3.12/site-packages/httpx/_client.py:1657: in _send_handling_auth
    response = await self._send_handling_redirects(
/usr/local/lib/python3.12/site-packages/httpx/_client.py:1694: in _send_handling_redirects
    response = await self._send_single_request(request)
               ^^^^^^^^^^^^^^^^^^^^^^^^^^^^^^^^^^^^^^^^
/usr/local/lib/python3.12/site-packages/httpx/_client.py:1730: in _send_single_request
    response = await transport.handle_async_request(request)
               ^^^^^^^^^^^^^^^^^^^^^^^^^^^^^^^^^^^^^^^^^^^^^
/usr/local/lib/python3.12/site-packages/httpx/_transports/asgi.py:170: in handle_async_request
    await self.app(scope, receive, send)
/usr/local/lib/python3.12/site-packages/fastapi/applications.py:1159: in __call__
    await super().__call__(scope, receive, send)
/usr/local/lib/python3.12/site-packages/starlette/applications.py:90: in __call__
    await self.middleware_stack(scope, receive, send)
/usr/local/lib/python3.12/site-packages/starlette/middleware/errors.py:186: in __call__
    raise exc
/usr/local/lib/python3.12/site-packages/starlette/middleware/errors.py:164: in __call__
    await self.app(scope, receive, _send)
/usr/local/lib/python3.12/site-packages/starlette/middleware/exceptions.py:63: in __call__
    await wrap_app_handling_exceptions(self.app, conn)(scope, receive, send)
/usr/local/lib/python3.12/site-packages/starlette/_exception_handler.py:53: in wrapped_app
    raise exc
/usr/local/lib/python3.12/site-packages/starlette/_exception_handler.py:42: in wrapped_app
    await app(scope, receive, sender)
/usr/local/lib/python3.12/site-packages/fastapi/middleware/asyncexitstack.py:18: in __call__
    await self.app(scope, receive, send)
/usr/local/lib/python3.12/site-packages/starlette/routing.py:660: in __call__
    await self.middleware_stack(scope, receive, send)
/usr/local/lib/python3.12/site-packages/starlette/routing.py:680: in app
    await route.handle(scope, receive, send)
/usr/local/lib/python3.12/site-packages/starlette/routing.py:276: in handle
    await self.app(scope, receive, send)
/usr/local/lib/python3.12/site-packages/fastapi/routing.py:134: in app
    await wrap_app_handling_exceptions(app, request)(scope, receive, send)
/usr/local/lib/python3.12/site-packages/starlette/_exception_handler.py:53: in wrapped_app
    raise exc
/usr/local/lib/python3.12/site-packages/starlette/_exception_handler.py:42: in wrapped_app
    await app(scope, receive, sender)
/usr/local/lib/python3.12/site-packages/fastapi/routing.py:120: in app
    response = await f(request)
               ^^^^^^^^^^^^^^^^
/usr/local/lib/python3.12/site-packages/fastapi/routing.py:674: in app
    raw_response = await run_endpoint_function(
/usr/local/lib/python3.12/site-packages/fastapi/routing.py:328: in run_endpoint_function
    return await dependant.call(**values)
           ^^^^^^^^^^^^^^^^^^^^^^^^^^^^^^
employee_runtime/core/api.py:1210: in submit_task
    await ensure_ready()
employee_runtime/core/api.py:1156: in ensure_ready
    await service.initialize()
employee_runtime/core/api.py:150: in initialize
    self.components = await create_components(component_ids, component_config)
                      ^^^^^^^^^^^^^^^^^^^^^^^^^^^^^^^^^^^^^^^^^^^^^^^^^^^^^^^^
component_library/component_factory.py:21: in create_components
    await instance.initialize(config.get(component_id, {}))
component_library/quality/input_protection.py:91: in initialize
    logger.warning(
/usr/local/lib/python3.12/site-packages/structlog/_native.py:164: in meth
    return self._proxy_to_logger(
/usr/local/lib/python3.12/site-packages/structlog/_base.py:223: in _proxy_to_logger
    return getattr(self._logger, method_name)(*args, **kw)
           ^^^^^^^^^^^^^^^^^^^^^^^^^^^^^^^^^^^^^^^^^^^^^^^
/usr/local/lib/python3.12/site-packages/structlog/_output.py:110: in msg
    print(message, file=f, flush=True)
E   OSError: [Errno 28] No space left on device</failure></testcase><testcase classname="tests.runtime.test_executive_assistant_api" name="test_executive_assistant_correction_path_learns_and_escalates_repeats" time="0.019"><failure message="OSError: [Errno 28] No space left on device">tests/runtime/test_executive_assistant_api.py:178: in test_executive_assistant_correction_path_learns_and_escalates_repeats
    response = await client.post(
/usr/local/lib/python3.12/site-packages/httpx/_client.py:1859: in post
    return await self.request(
/usr/local/lib/python3.12/site-packages/httpx/_client.py:1540: in request
    return await self.send(request, auth=auth, follow_redirects=follow_redirects)
           ^^^^^^^^^^^^^^^^^^^^^^^^^^^^^^^^^^^^^^^^^^^^^^^^^^^^^^^^^^^^^^^^^^^^^^
/usr/local/lib/python3.12/site-packages/httpx/_client.py:1629: in send
    response = await self._send_handling_auth(
/usr/local/lib/python3.12/site-packages/httpx/_client.py:1657: in _send_handling_auth
    response = await self._send_handling_redirects(
/usr/local/lib/python3.12/site-packages/httpx/_client.py:1694: in _send_handling_redirects
    response = await self._send_single_request(request)
               ^^^^^^^^^^^^^^^^^^^^^^^^^^^^^^^^^^^^^^^^
/usr/local/lib/python3.12/site-packages/httpx/_client.py:1730: in _send_single_request
    response = await transport.handle_async_request(request)
               ^^^^^^^^^^^^^^^^^^^^^^^^^^^^^^^^^^^^^^^^^^^^^
/usr/local/lib/python3.12/site-packages/httpx/_transports/asgi.py:170: in handle_async_request
    await self.app(scope, receive, send)
/usr/local/lib/python3.12/site-packages/fastapi/applications.py:1159: in __call__
    await super().__call__(scope, receive, send)
/usr/local/lib/python3.12/site-packages/starlette/applications.py:90: in __call__
    await self.middleware_stack(scope, receive, send)
/usr/local/lib/python3.12/site-packages/starlette/middleware/errors.py:186: in __call__
    raise exc
/usr/local/lib/python3.12/site-packages/starlette/middleware/errors.py:164: in __call__
    await self.app(scope, receive, _send)
/usr/local/lib/python3.12/site-packages/starlette/middleware/exceptions.py:63: in __call__
    await wrap_app_handling_exceptions(self.app, conn)(scope, receive, send)
/usr/local/lib/python3.12/site-packages/starlette/_exception_handler.py:53: in wrapped_app
    raise exc
/usr/local/lib/python3.12/site-packages/starlette/_exception_handler.py:42: in wrapped_app
    await app(scope, receive, sender)
/usr/local/lib/python3.12/site-packages/fastapi/middleware/asyncexitstack.py:18: in __call__
    await self.app(scope, receive, send)
/usr/local/lib/python3.12/site-packages/starlette/routing.py:660: in __call__
    await self.middleware_stack(scope, receive, send)
/usr/local/lib/python3.12/site-packages/starlette/routing.py:680: in app
    await route.handle(scope, receive, send)
/usr/local/lib/python3.12/site-packages/starlette/routing.py:276: in handle
    await self.app(scope, receive, send)
/usr/local/lib/python3.12/site-packages/fastapi/routing.py:134: in app
    await wrap_app_handling_exceptions(app, request)(scope, receive, send)
/usr/local/lib/python3.12/site-packages/starlette/_exception_handler.py:53: in wrapped_app
    raise exc
/usr/local/lib/python3.12/site-packages/starlette/_exception_handler.py:42: in wrapped_app
    await app(scope, receive, sender)
/usr/local/lib/python3.12/site-packages/fastapi/routing.py:120: in app
    response = await f(request)
               ^^^^^^^^^^^^^^^^
/usr/local/lib/python3.12/site-packages/fastapi/routing.py:674: in app
    raw_response = await run_endpoint_function(
/usr/local/lib/python3.12/site-packages/fastapi/routing.py:328: in run_endpoint_function
    return await dependant.call(**values)
           ^^^^^^^^^^^^^^^^^^^^^^^^^^^^^^
employee_runtime/core/api.py:1210: in submit_task
    await ensure_ready()
employee_runtime/core/api.py:1156: in ensure_ready
    await service.initialize()
employee_runtime/core/api.py:150: in initialize
    self.components = await create_components(component_ids, component_config)
                      ^^^^^^^^^^^^^^^^^^^^^^^^^^^^^^^^^^^^^^^^^^^^^^^^^^^^^^^^
component_library/component_factory.py:21: in create_components
    await instance.initialize(config.get(component_id, {}))
component_library/quality/input_protection.py:91: in initialize
    logger.warning(
/usr/local/lib/python3.12/site-packages/structlog/_native.py:164: in meth
    return self._proxy_to_logger(
/usr/local/lib/python3.12/site-packages/structlog/_base.py:223: in _proxy_to_logger
    return getattr(self._logger, method_name)(*args, **kw)
           ^^^^^^^^^^^^^^^^^^^^^^^^^^^^^^^^^^^^^^^^^^^^^^^
/usr/local/lib/python3.12/site-packages/structlog/_output.py:110: in msg
    print(message, file=f, flush=True)
E   OSError: [Errno 28] No space left on device</failure></testcase></testsuite></testsuites>